Archive member included to satisfy reference by file (symbol)

/home/saran/micro_ros_ws/src/micro_ros_raspberrypi_pico_sdk/libmicroros/libmicroros.a(librcl-publisher.c.obj)
                              CMakeFiles/pico_micro_ros_example.dir/pico_micro_ros_example.c.obj (rcl_publish)
/home/saran/micro_ros_ws/src/micro_ros_raspberrypi_pico_sdk/libmicroros/libmicroros.a(librclc-executor.c.obj)
                              CMakeFiles/pico_micro_ros_example.dir/pico_micro_ros_example.c.obj (rclc_executor_init)
/home/saran/micro_ros_ws/src/micro_ros_raspberrypi_pico_sdk/libmicroros/libmicroros.a(librclc-executor_handle.c.obj)
                              /home/saran/micro_ros_ws/src/micro_ros_raspberrypi_pico_sdk/libmicroros/libmicroros.a(librclc-executor.c.obj) (rclc_executor_handle_counters_zero_init)
/home/saran/micro_ros_ws/src/micro_ros_raspberrypi_pico_sdk/libmicroros/libmicroros.a(librclc-init.c.obj)
                              CMakeFiles/pico_micro_ros_example.dir/pico_micro_ros_example.c.obj (rclc_support_init)
/home/saran/micro_ros_ws/src/micro_ros_raspberrypi_pico_sdk/libmicroros/libmicroros.a(librclc-node.c.obj)
                              CMakeFiles/pico_micro_ros_example.dir/pico_micro_ros_example.c.obj (rclc_node_init_default)
/home/saran/micro_ros_ws/src/micro_ros_raspberrypi_pico_sdk/libmicroros/libmicroros.a(librclc-publisher.c.obj)
                              CMakeFiles/pico_micro_ros_example.dir/pico_micro_ros_example.c.obj (rclc_publisher_init_default)
/home/saran/micro_ros_ws/src/micro_ros_raspberrypi_pico_sdk/libmicroros/libmicroros.a(librclc-sleep.c.obj)
                              /home/saran/micro_ros_ws/src/micro_ros_raspberrypi_pico_sdk/libmicroros/libmicroros.a(librclc-executor.c.obj) (rclc_sleep_ms)
/home/saran/micro_ros_ws/src/micro_ros_raspberrypi_pico_sdk/libmicroros/libmicroros.a(librclc-timer.c.obj)
                              CMakeFiles/pico_micro_ros_example.dir/pico_micro_ros_example.c.obj (rclc_timer_init_default)
/home/saran/micro_ros_ws/src/micro_ros_raspberrypi_pico_sdk/libmicroros/libmicroros.a(librcutils-allocator.c.obj)
                              CMakeFiles/pico_micro_ros_example.dir/pico_micro_ros_example.c.obj (rcutils_get_default_allocator)
/home/saran/micro_ros_ws/src/micro_ros_raspberrypi_pico_sdk/libmicroros/libmicroros.a(librcutils-error_handling.c.obj)
                              /home/saran/micro_ros_ws/src/micro_ros_raspberrypi_pico_sdk/libmicroros/libmicroros.a(librclc-executor.c.obj) (rcutils_reset_error)
/home/saran/micro_ros_ws/src/micro_ros_raspberrypi_pico_sdk/libmicroros/libmicroros.a(librcutils-time_unix.c.obj)
                              /home/saran/micro_ros_ws/src/micro_ros_raspberrypi_pico_sdk/libmicroros/libmicroros.a(librclc-executor.c.obj) (rcutils_system_time_now)
/home/saran/micro_ros_ws/src/micro_ros_raspberrypi_pico_sdk/libmicroros/libmicroros.a(librmw-publisher_options.c.obj)
                              /home/saran/micro_ros_ws/src/micro_ros_raspberrypi_pico_sdk/libmicroros/libmicroros.a(librcl-publisher.c.obj) (rmw_get_default_publisher_options)
/home/saran/micro_ros_ws/src/micro_ros_raspberrypi_pico_sdk/libmicroros/libmicroros.a(librmw_microxrcedds-custom_transport.c.obj)
                              CMakeFiles/pico_micro_ros_example.dir/pico_micro_ros_example.c.obj (rmw_uros_set_custom_transport)
/home/saran/micro_ros_ws/src/micro_ros_raspberrypi_pico_sdk/libmicroros/libmicroros.a(librmw_microxrcedds-ping.c.obj)
                              CMakeFiles/pico_micro_ros_example.dir/pico_micro_ros_example.c.obj (rmw_uros_ping_agent)
/home/saran/micro_ros_ws/src/micro_ros_raspberrypi_pico_sdk/libmicroros/libmicroros.a(librmw_microxrcedds-rmw_publish.c.obj)
                              /home/saran/micro_ros_ws/src/micro_ros_raspberrypi_pico_sdk/libmicroros/libmicroros.a(librcl-publisher.c.obj) (rmw_publish)
/home/saran/micro_ros_ws/src/micro_ros_raspberrypi_pico_sdk/libmicroros/libmicroros.a(librmw_microxrcedds-rmw_publisher.c.obj)
                              /home/saran/micro_ros_ws/src/micro_ros_raspberrypi_pico_sdk/libmicroros/libmicroros.a(librcl-publisher.c.obj) (rmw_create_publisher)
/home/saran/micro_ros_ws/src/micro_ros_raspberrypi_pico_sdk/libmicroros/libmicroros.a(librmw_microxrcedds-rmw_uxrce_transports.c.obj)
                              /home/saran/micro_ros_ws/src/micro_ros_raspberrypi_pico_sdk/libmicroros/libmicroros.a(librmw_microxrcedds-ping.c.obj) (rmw_uxrce_transport_init)
/home/saran/micro_ros_ws/src/micro_ros_raspberrypi_pico_sdk/libmicroros/libmicroros.a(librmw_microxrcedds-types.c.obj)
                              /home/saran/micro_ros_ws/src/micro_ros_raspberrypi_pico_sdk/libmicroros/libmicroros.a(librmw_microxrcedds-rmw_publisher.c.obj) (rmw_uxrce_fini_publisher_memory)
/home/saran/micro_ros_ws/src/micro_ros_raspberrypi_pico_sdk/libmicroros/libmicroros.a(librmw_microxrcedds-utils.c.obj)
[...]
Memory Configuration

Name             Origin             Length             Attributes
FLASH            0x0000000010000000 0x0000000000200000 xr
RAM              0x0000000020000000 0x0000000000040000 xrw
SCRATCH_X        0x0000000020040000 0x0000000000001000 xrw
SCRATCH_Y        0x0000000020041000 0x0000000000001000 xrw
*default*        0x0000000000000000 0xffffffffffffffff

Linker script and memory map

LOAD /usr/lib/gcc/arm-none-eabi/9.2.1/thumb/v6-m/nofp/crti.o
LOAD /usr/lib/gcc/arm-none-eabi/9.2.1/thumb/v6-m/nofp/crtbegin.o
LOAD /usr/lib/gcc/arm-none-eabi/9.2.1/../../../arm-none-eabi/lib/thumb/v6-m/nofp/crt0.o

.flash_begin    0x0000000010000000        0x0
                0x0000000010000000                __flash_binary_start = .

.boot2          0x0000000010000000      0x100
                0x0000000010000000                __boot2_start__ = .
 *(.boot2)
 .boot2         0x0000000010000000      0x100 /tmp/ccBs1Xbl.o
                0x0000000010000100                __boot2_end__ = .
                0x0000000000000001                ASSERT (((__boot2_end__ - __boot2_start__) == 0x100), ERROR: Pico second stage bootloader must be 256 bytes in size)

.text           0x0000000010000100    0x157d0
                0x0000000010000100                __logical_binary_start = .
 *(.vectors)
 .vectors       0x0000000010000100       0xd4 CMakeFiles/pico_micro_ros_example.dir/home/saran/raspberry-pi-pico/pico/pico-sdk/src/rp2_common/pico_standard_link/crt0.S.obj
                0x0000000010000100                __vectors
                0x0000000010000100                __VECTOR_TABLE
                0x00000000100001c0                isr_invalid
                0x00000000100001c0                __default_isrs_start
                0x00000000100001c2                isr_nmi
                0x00000000100001c4                isr_hardfault
                0x00000000100001c6                isr_svcall
                0x00000000100001c8                isr_pendsv
                0x00000000100001ca                isr_systick
                0x00000000100001cc                isr_irq30
                0x00000000100001cc                __unhandled_user_irq
                0x00000000100001cc                isr_irq13
                0x00000000100001cc                isr_irq27
                0x00000000100001cc                isr_irq31
                0x00000000100001cc                isr_irq5
                0x00000000100001cc                isr_irq11
                0x00000000100001cc                isr_irq23
                0x00000000100001cc                isr_irq18
                0x00000000100001cc                isr_irq28
                0x00000000100001cc                isr_irq19
                0x00000000100001cc                isr_irq0
                0x00000000100001cc                isr_irq6
                0x00000000100001cc                isr_irq22
                0x00000000100001cc                isr_irq17
                0x00000000100001cc                isr_irq14
                0x00000000100001cc                isr_irq2
                0x00000000100001cc                isr_irq10
                0x00000000100001cc                isr_irq8
                0x00000000100001cc                isr_irq24
                0x00000000100001cc                isr_irq1
                0x00000000100001cc                isr_irq7
                0x00000000100001cc                isr_irq21
                0x00000000100001cc                isr_irq20
                0x00000000100001cc                isr_irq15
                0x00000000100001cc                isr_irq25
                0x00000000100001cc                isr_irq4
                0x00000000100001cc                isr_irq16
                0x00000000100001cc                isr_irq29
                0x00000000100001cc                isr_irq26
                0x00000000100001cc                __default_isrs_end
                0x00000000100001cc                isr_irq3
                0x00000000100001cc                isr_irq12
                0x00000000100001cc                isr_irq9
                0x00000000100001d2                unhandled_user_irq_num_in_r0
 *(.binary_info_header)
 .binary_info_header
                0x00000000100001d4       0x14 CMakeFiles/pico_micro_ros_example.dir/home/saran/raspberry-pi-pico/pico/pico-sdk/src/rp2_common/pico_standard_link/crt0.S.obj
                0x00000000100001e8                __binary_info_header_end = .
 *(.reset)
 .reset         0x00000000100001e8       0xa8 CMakeFiles/pico_micro_ros_example.dir/home/saran/raspberry-pi-pico/pico/pico-sdk/src/rp2_common/pico_standard_link/crt0.S.obj
                0x00000000100001e8                _entry_point
                0x0000000010000266                __get_current_exception
 .reset         0x0000000010000290       0x30 CMakeFiles/pico_micro_ros_example.dir/home/saran/raspberry-pi-pico/pico/pico-sdk/src/rp2_common/pico_standard_link/binary_info.c.obj
 *(.init)
 .init          0x00000000100002c0        0x4 /usr/lib/gcc/arm-none-eabi/9.2.1/thumb/v6-m/nofp/crti.o
                0x00000000100002c0                _init
 *(EXCLUDE_FILE(*libm.a: *libc.a:*lib_a-mem*.o *libgcc.a:) .text*)
 .text          0x00000000100002c4       0x98 /usr/lib/gcc/arm-none-eabi/9.2.1/thumb/v6-m/nofp/crtbegin.o
 .text.timer_callback
                0x000000001000035c       0x20 CMakeFiles/pico_micro_ros_example.dir/pico_micro_ros_example.c.obj
                0x000000001000035c                timer_callback
 .text.startup.main
                0x000000001000037c       0xdc CMakeFiles/pico_micro_ros_example.dir/pico_micro_ros_example.c.obj
                0x000000001000037c                main
 .text.clock_gettime
                0x0000000010000458       0x3c CMakeFiles/pico_micro_ros_example.dir/pico_uart_transport.c.obj
                0x0000000010000458                clock_gettime
 .text.pico_serial_transport_open
                0x0000000010000494        0xc CMakeFiles/pico_micro_ros_example.dir/pico_uart_transport.c.obj
                0x0000000010000494                pico_serial_transport_open
 .text.pico_serial_transport_close
                0x00000000100004a0        0x4 CMakeFiles/pico_micro_ros_example.dir/pico_uart_transport.c.obj
                0x00000000100004a0                pico_serial_transport_close
 .text.pico_serial_transport_write
                0x00000000100004a4       0x38 CMakeFiles/pico_micro_ros_example.dir/pico_uart_transport.c.obj
                0x00000000100004a4                pico_serial_transport_write
 .text.pico_serial_transport_read
                0x00000000100004dc       0x64 CMakeFiles/pico_micro_ros_example.dir/pico_uart_transport.c.obj
                0x00000000100004dc                pico_serial_transport_read
 .text.gpio_init
                0x0000000010000540       0x3c CMakeFiles/pico_micro_ros_example.dir/home/saran/raspberry-pi-pico/pico/pico-sdk/src/rp2_common/hardware_gpio/gpio.c.obj
                0x0000000010000540                gpio_init
 .text.hw_claim_or_assert
                0x000000001000057c       0x48 CMakeFiles/pico_micro_ros_example.dir/home/saran/raspberry-pi-pico/pico/pico-sdk/src/rp2_common/hardware_claim/claim.c.obj
                0x000000001000057c                hw_claim_or_assert
 .text.hw_claim_unused_from_range
                0x00000000100005c4       0x9c CMakeFiles/pico_micro_ros_example.dir/home/saran/raspberry-pi-pico/pico/pico-sdk/src/rp2_common/hardware_claim/claim.c.obj
                0x00000000100005c4                hw_claim_unused_from_range
 .text.running_on_fpga
                0x0000000010000660       0x10 CMakeFiles/pico_micro_ros_example.dir/home/saran/raspberry-pi-pico/pico/pico-sdk/src/rp2_common/pico_platform/platform.c.obj
                0x0000000010000660                running_on_fpga
 .text.spin_locks_reset
                0x0000000010000670       0x1c CMakeFiles/pico_micro_ros_example.dir/home/saran/raspberry-pi-pico/pico/pico-sdk/src/rp2_common/hardware_sync/sync.c.obj
                0x0000000010000670                spin_locks_reset
 .text.next_striped_spin_lock_num
                0x000000001000068c       0x18 CMakeFiles/pico_micro_ros_example.dir/home/saran/raspberry-pi-pico/pico/pico-sdk/src/rp2_common/hardware_sync/sync.c.obj
                0x000000001000068c                next_striped_spin_lock_num
 .text.spin_lock_claim_unused
                0x00000000100006a4       0x20 CMakeFiles/pico_micro_ros_example.dir/home/saran/raspberry-pi-pico/pico/pico-sdk/src/rp2_common/hardware_sync/sync.c.obj
                0x00000000100006a4                spin_lock_claim_unused
 .text.timer_pool_entry_comparator
                0x00000000100006c4       0x34 CMakeFiles/pico_micro_ros_example.dir/home/saran/raspberry-pi-pico/pico/pico-sdk/src/common/pico_time/time.c.obj
                0x00000000100006c4                timer_pool_entry_comparator
 .text.sleep_until_callback
                0x00000000100006f8       0x30 CMakeFiles/pico_micro_ros_example.dir/home/saran/raspberry-pi-pico/pico/pico-sdk/src/common/pico_time/time.c.obj
 .text.alarm_pool_add_alarm_at.constprop.0
                0x0000000010000728      0x128 CMakeFiles/pico_micro_ros_example.dir/home/saran/raspberry-pi-pico/pico/pico-sdk/src/common/pico_time/time.c.obj
 .text.add_alarm_under_lock
                0x0000000010000850      0x108 CMakeFiles/pico_micro_ros_example.dir/home/saran/raspberry-pi-pico/pico/pico-sdk/src/common/pico_time/time.c.obj
 .text.alarm_pool_alarm_callback
                0x0000000010000958      0x1c8 CMakeFiles/pico_micro_ros_example.dir/home/saran/raspberry-pi-pico/pico/pico-sdk/src/common/pico_time/time.c.obj
 .text.alarm_pool_init_default
                0x0000000010000b20       0x64 CMakeFiles/pico_micro_ros_example.dir/home/saran/raspberry-pi-pico/pico/pico-sdk/src/common/pico_time/time.c.obj
                0x0000000010000b20                alarm_pool_init_default
 .text.alarm_pool_get_default
                0x0000000010000b84        0x8 CMakeFiles/pico_micro_ros_example.dir/home/saran/raspberry-pi-pico/pico/pico-sdk/src/common/pico_time/time.c.obj
                0x0000000010000b84                alarm_pool_get_default
 .text.alarm_pool_add_alarm_at
                0x0000000010000b8c      0x1ac CMakeFiles/pico_micro_ros_example.dir/home/saran/raspberry-pi-pico/pico/pico-sdk/src/common/pico_time/time.c.obj
                0x0000000010000b8c                alarm_pool_add_alarm_at
 .text.best_effort_wfe_or_timeout
                0x0000000010000d38       0xd4 CMakeFiles/pico_micro_ros_example.dir/home/saran/raspberry-pi-pico/pico/pico-sdk/src/common/pico_time/time.c.obj
                0x0000000010000d38                best_effort_wfe_or_timeout
 .text.hardware_alarm_irq_handler
                0x0000000010000e0c       0xb8 CMakeFiles/pico_micro_ros_example.dir/home/saran/raspberry-pi-pico/pico/pico-sdk/src/rp2_common/hardware_timer/timer.c.obj
 .text.hardware_alarm_claim
                0x0000000010000ec4       0x18 CMakeFiles/pico_micro_ros_example.dir/home/saran/raspberry-pi-pico/pico/pico-sdk/src/rp2_common/hardware_timer/timer.c.obj
                0x0000000010000ec4                hardware_alarm_claim
 .text.time_us_64
                0x0000000010000edc       0x14 CMakeFiles/pico_micro_ros_example.dir/home/saran/raspberry-pi-pico/pico/pico-sdk/src/rp2_common/hardware_timer/timer.c.obj
                0x0000000010000edc                time_us_64
 .text.busy_wait_us
                0x0000000010000ef0       0x54 CMakeFiles/pico_micro_ros_example.dir/home/saran/raspberry-pi-pico/pico/pico-sdk/src/rp2_common/hardware_timer/timer.c.obj
                0x0000000010000ef0                busy_wait_us
 .text.hardware_alarm_set_callback
                0x0000000010000f44       0x8c CMakeFiles/pico_micro_ros_example.dir/home/saran/raspberry-pi-pico/pico/pico-sdk/src/rp2_common/hardware_timer/timer.c.obj
                0x0000000010000f44                hardware_alarm_set_callback
 .text.hardware_alarm_set_target
                0x0000000010000fd0       0xe4 CMakeFiles/pico_micro_ros_example.dir/home/saran/raspberry-pi-pico/pico/pico-sdk/src/rp2_common/hardware_timer/timer.c.obj
                0x0000000010000fd0                hardware_alarm_set_target
 .text.hardware_alarm_cancel
                0x00000000100010b4       0x40 CMakeFiles/pico_micro_ros_example.dir/home/saran/raspberry-pi-pico/pico/pico-sdk/src/rp2_common/hardware_timer/timer.c.obj
                0x00000000100010b4                hardware_alarm_cancel
 .text.lock_init
                0x00000000100010f4       0x10 CMakeFiles/pico_micro_ros_example.dir/home/saran/raspberry-pi-pico/pico/pico-sdk/src/common/pico_sync/lock_core.c.obj
                0x00000000100010f4                lock_init
 .text.mutex_init
                0x0000000010001104       0x1c CMakeFiles/pico_micro_ros_example.dir/home/saran/raspberry-pi-pico/pico/pico-sdk/src/common/pico_sync/mutex.c.obj
                0x0000000010001104                mutex_init
 .text.recursive_mutex_init
                0x0000000010001120       0x1c CMakeFiles/pico_micro_ros_example.dir/home/saran/raspberry-pi-pico/pico/pico-sdk/src/common/pico_sync/mutex.c.obj
                0x0000000010001120                recursive_mutex_init
 .text.critical_section_init
                0x000000001000113c       0x1c CMakeFiles/pico_micro_ros_example.dir/home/saran/raspberry-pi-pico/pico/pico-sdk/src/common/pico_sync/critical_section.c.obj
                0x000000001000113c                critical_section_init
 .text.ph_merge_nodes
                0x0000000010001158       0x68 CMakeFiles/pico_micro_ros_example.dir/home/saran/raspberry-pi-pico/pico/pico-sdk/src/common/pico_util/pheap.c.obj
 .text.ph_post_alloc_init
                0x00000000100011c0       0x3c CMakeFiles/pico_micro_ros_example.dir/home/saran/raspberry-pi-pico/pico/pico-sdk/src/common/pico_util/pheap.c.obj
                0x00000000100011c0                ph_post_alloc_init
 .text.ph_merge_two_pass
                0x00000000100011fc       0x90 CMakeFiles/pico_micro_ros_example.dir/home/saran/raspberry-pi-pico/pico/pico-sdk/src/common/pico_util/pheap.c.obj
                0x00000000100011fc                ph_merge_two_pass
 .text.ph_remove_any_head
                0x000000001000128c       0xf8 CMakeFiles/pico_micro_ros_example.dir/home/saran/raspberry-pi-pico/pico/pico-sdk/src/common/pico_util/pheap.c.obj
 .text.ph_remove_head
                0x0000000010001384      0x13c CMakeFiles/pico_micro_ros_example.dir/home/saran/raspberry-pi-pico/pico/pico-sdk/src/common/pico_util/pheap.c.obj
                0x0000000010001384                ph_remove_head
 .text.ph_remove_and_free_node
                0x00000000100014c0       0x7c CMakeFiles/pico_micro_ros_example.dir/home/saran/raspberry-pi-pico/pico/pico-sdk/src/common/pico_util/pheap.c.obj
                0x00000000100014c0                ph_remove_and_free_node
 .text.runtime_init
                0x000000001000153c       0xf0 CMakeFiles/pico_micro_ros_example.dir/home/saran/raspberry-pi-pico/pico/pico-sdk/src/rp2_common/pico_runtime/runtime.c.obj
                0x000000001000153c                runtime_init
 .text._sbrk    0x000000001000162c       0x34 CMakeFiles/pico_micro_ros_example.dir/home/saran/raspberry-pi-pico/pico/pico-sdk/src/rp2_common/pico_runtime/runtime.c.obj
                0x000000001000162c                _sbrk
 .text.exit     0x0000000010001660        0x4 CMakeFiles/pico_micro_ros_example.dir/home/saran/raspberry-pi-pico/pico/pico-sdk/src/rp2_common/pico_runtime/runtime.c.obj
                0x0000000010001660                exit
 .text.panic    0x0000000010001664       0x30 CMakeFiles/pico_micro_ros_example.dir/home/saran/raspberry-pi-pico/pico/pico-sdk/src/rp2_common/pico_runtime/runtime.c.obj
                0x0000000010001664                panic
 .text.hard_assertion_failure
                0x0000000010001694        0xc CMakeFiles/pico_micro_ros_example.dir/home/saran/raspberry-pi-pico/pico/pico-sdk/src/rp2_common/pico_runtime/runtime.c.obj
                0x0000000010001694                hard_assertion_failure
 .text.clocks_init
                0x00000000100016a0      0x2bc CMakeFiles/pico_micro_ros_example.dir/home/saran/raspberry-pi-pico/pico/pico-sdk/src/rp2_common/hardware_clocks/clocks.c.obj
                0x00000000100016a0                clocks_init
 .text.irq_set_enabled
                0x000000001000195c       0x24 CMakeFiles/pico_micro_ros_example.dir/home/saran/raspberry-pi-pico/pico/pico-sdk/src/rp2_common/hardware_irq/irq.c.obj
                0x000000001000195c                irq_set_enabled
 .text.irq_set_pending
                0x0000000010001980       0x10 CMakeFiles/pico_micro_ros_example.dir/home/saran/raspberry-pi-pico/pico/pico-sdk/src/rp2_common/hardware_irq/irq.c.obj
                0x0000000010001980                irq_set_pending
 .text.irq_get_vtable_handler
                0x0000000010001990       0x10 CMakeFiles/pico_micro_ros_example.dir/home/saran/raspberry-pi-pico/pico/pico-sdk/src/rp2_common/hardware_irq/irq.c.obj
                0x0000000010001990                irq_get_vtable_handler
 .text.irq_set_exclusive_handler
                0x00000000100019a0       0x54 CMakeFiles/pico_micro_ros_example.dir/home/saran/raspberry-pi-pico/pico/pico-sdk/src/rp2_common/hardware_irq/irq.c.obj
                0x00000000100019a0                irq_set_exclusive_handler
 .text.irq_remove_handler
                0x00000000100019f4      0x1b4 CMakeFiles/pico_micro_ros_example.dir/home/saran/raspberry-pi-pico/pico/pico-sdk/src/rp2_common/hardware_irq/irq.c.obj
                0x00000000100019f4                irq_remove_handler
 .text.irq_add_tail_to_free_list
                0x0000000010001ba8       0xb8 CMakeFiles/pico_micro_ros_example.dir/home/saran/raspberry-pi-pico/pico/pico-sdk/src/rp2_common/hardware_irq/irq.c.obj
                0x0000000010001ba8                irq_add_tail_to_free_list
 .text.irq_init_priorities
                0x0000000010001c60       0x24 CMakeFiles/pico_micro_ros_example.dir/home/saran/raspberry-pi-pico/pico/pico-sdk/src/rp2_common/hardware_irq/irq.c.obj
                0x0000000010001c60                irq_init_priorities
 .text.pll_init
                0x0000000010001c84       0xa8 CMakeFiles/pico_micro_ros_example.dir/home/saran/raspberry-pi-pico/pico/pico-sdk/src/rp2_common/hardware_pll/pll.c.obj
                0x0000000010001c84                pll_init
 .text.watchdog_start_tick
                0x0000000010001d2c       0x10 CMakeFiles/pico_micro_ros_example.dir/home/saran/raspberry-pi-pico/pico/pico-sdk/src/rp2_common/hardware_watchdog/watchdog.c.obj
                0x0000000010001d2c                watchdog_start_tick
 .text.watchdog_reboot
                0x0000000010001d3c       0x98 CMakeFiles/pico_micro_ros_example.dir/home/saran/raspberry-pi-pico/pico/pico-sdk/src/rp2_common/hardware_watchdog/watchdog.c.obj
                0x0000000010001d3c                watchdog_reboot
 .text.xosc_init
                0x0000000010001dd4       0x28 CMakeFiles/pico_micro_ros_example.dir/home/saran/raspberry-pi-pico/pico/pico-sdk/src/rp2_common/hardware_xosc/xosc.c.obj
                0x0000000010001dd4                xosc_init
 .text._out_buffer
                0x0000000010001dfc        0x8 CMakeFiles/pico_micro_ros_example.dir/home/saran/raspberry-pi-pico/pico/pico-sdk/src/rp2_common/pico_printf/printf.c.obj
 .text._out_null
                0x0000000010001e04        0x4 CMakeFiles/pico_micro_ros_example.dir/home/saran/raspberry-pi-pico/pico/pico-sdk/src/rp2_common/pico_printf/printf.c.obj
 .text._out_rev
                0x0000000010001e08       0xd0 CMakeFiles/pico_micro_ros_example.dir/home/saran/raspberry-pi-pico/pico/pico-sdk/src/rp2_common/pico_printf/printf.c.obj
 .text._ntoa_format
                0x0000000010001ed8      0x1d0 CMakeFiles/pico_micro_ros_example.dir/home/saran/raspberry-pi-pico/pico/pico-sdk/src/rp2_common/pico_printf/printf.c.obj
 .text._out_char
                0x00000000100020a8       0x10 CMakeFiles/pico_micro_ros_example.dir/home/saran/raspberry-pi-pico/pico/pico-sdk/src/rp2_common/pico_printf/printf.c.obj
 .text._etoa    0x00000000100020b8      0x478 CMakeFiles/pico_micro_ros_example.dir/home/saran/raspberry-pi-pico/pico/pico-sdk/src/rp2_common/pico_printf/printf.c.obj
 .text._ftoa    0x0000000010002530      0x3e0 CMakeFiles/pico_micro_ros_example.dir/home/saran/raspberry-pi-pico/pico/pico-sdk/src/rp2_common/pico_printf/printf.c.obj
 .text._vsnprintf
                0x0000000010002910      0xb08 CMakeFiles/pico_micro_ros_example.dir/home/saran/raspberry-pi-pico/pico/pico-sdk/src/rp2_common/pico_printf/printf.c.obj
 .text.__wrap_snprintf
                0x0000000010003418       0x28 CMakeFiles/pico_micro_ros_example.dir/home/saran/raspberry-pi-pico/pico/pico-sdk/src/rp2_common/pico_printf/printf.c.obj
                0x0000000010003418                __wrap_snprintf
 .text.__wrap_vsnprintf
                0x0000000010003440       0x1c CMakeFiles/pico_micro_ros_example.dir/home/saran/raspberry-pi-pico/pico/pico-sdk/src/rp2_common/pico_printf/printf.c.obj
                0x0000000010003440                __wrap_vsnprintf
 .text.weak_raw_vprintf
                0x000000001000345c       0x30 CMakeFiles/pico_micro_ros_example.dir/home/saran/raspberry-pi-pico/pico/pico-sdk/src/rp2_common/pico_printf/printf.c.obj
                0x000000001000345c                weak_raw_vprintf
 .text          0x000000001000348c       0x10 CMakeFiles/pico_micro_ros_example.dir/home/saran/raspberry-pi-pico/pico/pico-sdk/src/rp2_common/pico_bit_ops/bit_ops_aeabi.S.obj
 .text.rom_func_lookup
                0x000000001000349c       0x10 CMakeFiles/pico_micro_ros_example.dir/home/saran/raspberry-pi-pico/pico/pico-sdk/src/rp2_common/pico_bootrom/bootrom.c.obj
                0x000000001000349c                rom_func_lookup
 .text.rom_data_lookup
                0x00000000100034ac       0x10 CMakeFiles/pico_micro_ros_example.dir/home/saran/raspberry-pi-pico/pico/pico-sdk/src/rp2_common/pico_bootrom/bootrom.c.obj
                0x00000000100034ac                rom_data_lookup
 .text.rom_funcs_lookup
                0x00000000100034bc       0x3c CMakeFiles/pico_micro_ros_example.dir/home/saran/raspberry-pi-pico/pico/pico-sdk/src/rp2_common/pico_bootrom/bootrom.c.obj
                0x00000000100034bc                rom_funcs_lookup
 .text.__wrap___aeabi_idiv
                0x00000000100034f8       0x50 CMakeFiles/pico_micro_ros_example.dir/home/saran/raspberry-pi-pico/pico/pico-sdk/src/rp2_common/pico_divider/divider.S.obj
                0x00000000100034f8                __wrap___aeabi_idivmod
                0x00000000100034f8                divmod_s32s32
                0x00000000100034f8                div_s32s32
                0x00000000100034f8                __wrap___aeabi_idiv
                0x0000000010003500                divmod_s32s32_unsafe
                0x000000001000352c                divmod_s32s32_savestate
 .text.__wrap___aeabi_uidiv
                0x0000000010003548       0x4c CMakeFiles/pico_micro_ros_example.dir/home/saran/raspberry-pi-pico/pico/pico-sdk/src/rp2_common/pico_divider/divider.S.obj
                0x0000000010003548                __wrap___aeabi_uidiv
                0x0000000010003548                __wrap___aeabi_uidivmod
                0x0000000010003548                div_u32u32
                0x0000000010003548                divmod_u32u32
                0x0000000010003550                divmod_u32u32_unsafe
                0x0000000010003578                divmod_u32u32_savestate
 .text.__wrap___aeabi_ldiv
                0x0000000010003594      0x434 CMakeFiles/pico_micro_ros_example.dir/home/saran/raspberry-pi-pico/pico/pico-sdk/src/rp2_common/pico_divider/divider.S.obj
                0x0000000010003594                div_s64s64
                0x0000000010003594                divmod_s64s64
                0x0000000010003594                __wrap___aeabi_ldivmod
                0x00000000100035cc                div_u64u64
                0x00000000100035cc                divmod_u64u64
                0x00000000100035cc                __wrap___aeabi_uldivmod
                0x00000000100035dc                divmod_u64u64_savestate
                0x0000000010003604                divmod_s64s64_unsafe
                0x000000001000368c                divmod_u64u64_unsafe
 .text.__wrap___aeabi_darithmetic
                0x00000000100039c8       0x80 CMakeFiles/pico_micro_ros_example.dir/home/saran/raspberry-pi-pico/pico/pico-sdk/src/rp2_common/pico_double/double_aeabi.S.obj
                0x00000000100039c8                __wrap___aeabi_drsub
                0x00000000100039ce                __wrap___aeabi_dsub
                0x00000000100039e0                __wrap___aeabi_dadd
                0x00000000100039f2                __wrap___aeabi_ddiv
                0x0000000010003a2e                __wrap___aeabi_dmul
 .text.__wrap___aeabi_cdcmple
                0x0000000010003a48       0x6c CMakeFiles/pico_micro_ros_example.dir/home/saran/raspberry-pi-pico/pico/pico-sdk/src/rp2_common/pico_double/double_aeabi.S.obj
                0x0000000010003a48                __wrap___aeabi_cdrcmple
                0x0000000010003a58                __wrap___aeabi_cdcmple
                0x0000000010003a58                __wrap___aeabi_cdcmpeq
 .text.__wrap___aeabi_dcmplt
                0x0000000010003ab4        0xc CMakeFiles/pico_micro_ros_example.dir/home/saran/raspberry-pi-pico/pico/pico-sdk/src/rp2_common/pico_double/double_aeabi.S.obj
                0x0000000010003ab4                __wrap___aeabi_dcmplt
 .text.__wrap___aeabi_dcmple
                0x0000000010003ac0       0x10 CMakeFiles/pico_micro_ros_example.dir/home/saran/raspberry-pi-pico/pico/pico-sdk/src/rp2_common/pico_double/double_aeabi.S.obj
                0x0000000010003ac0                __wrap___aeabi_dcmple
 .text.__wrap___aeabi_dcmpge
                0x0000000010003ad0       0x10 CMakeFiles/pico_micro_ros_example.dir/home/saran/raspberry-pi-pico/pico/pico-sdk/src/rp2_common/pico_double/double_aeabi.S.obj
                0x0000000010003ad0                __wrap___aeabi_dcmpge
 .text.__wrap___aeabi_dcmpgt
                0x0000000010003ae0        0xa CMakeFiles/pico_micro_ros_example.dir/home/saran/raspberry-pi-pico/pico/pico-sdk/src/rp2_common/pico_double/double_aeabi.S.obj
                0x0000000010003ae0                __wrap___aeabi_dcmpgt
 .text.__wrap___aeabi_dcmpun
                0x0000000010003aea       0x1c CMakeFiles/pico_micro_ros_example.dir/home/saran/raspberry-pi-pico/pico/pico-sdk/src/rp2_common/pico_double/double_aeabi.S.obj
                0x0000000010003aea                __wrap___aeabi_dcmpun
 *fill*         0x0000000010003b06        0x2 
 .text.__wrap___aeabi_i2d
                0x0000000010003b08       0x38 CMakeFiles/pico_micro_ros_example.dir/home/saran/raspberry-pi-pico/pico/pico-sdk/src/rp2_common/pico_double/double_aeabi.S.obj
                0x0000000010003b08                __wrap___aeabi_ui2d
                0x0000000010003b10                __wrap___aeabi_i2d
 .text.__wrap___aeabi_d2iz
                0x0000000010003b40       0x48 CMakeFiles/pico_micro_ros_example.dir/home/saran/raspberry-pi-pico/pico/pico-sdk/src/rp2_common/pico_double/double_aeabi.S.obj
                0x0000000010003b40                __wrap___aeabi_d2iz
                0x0000000010003b40                double2int_z
 .text.__wrap___aeabi_d2uiz
                0x0000000010003b88       0x18 CMakeFiles/pico_micro_ros_example.dir/home/saran/raspberry-pi-pico/pico/pico-sdk/src/rp2_common/pico_double/double_aeabi.S.obj
                0x0000000010003b88                double2uint
                0x0000000010003b88                __wrap___aeabi_d2uiz
 .text.__aeabi_double_init
                0x0000000010003ba0       0xc0 CMakeFiles/pico_micro_ros_example.dir/home/saran/raspberry-pi-pico/pico/pico-sdk/src/rp2_common/pico_double/double_init_rom.c.obj
                0x0000000010003ba0                __aeabi_double_init
 .text.double_table_shim_on_use_helper
                0x0000000010003c60       0x2c CMakeFiles/pico_micro_ros_example.dir/home/saran/raspberry-pi-pico/pico/pico-sdk/src/rp2_common/pico_double/double_v1_rom_shim.S.obj
                0x0000000010003c60                double_table_shim_on_use_helper
 .text.__wrap___aeabi_dsub
                0x0000000010003c8c       0x10 CMakeFiles/pico_micro_ros_example.dir/home/saran/raspberry-pi-pico/pico/pico-sdk/src/rp2_common/pico_double/double_v1_rom_shim.S.obj
                0x0000000010003c8c                drsub_shim
                0x0000000010003c92                dsub_shim
 .text.dadd_shim
                0x0000000010003c9c      0x15c CMakeFiles/pico_micro_ros_example.dir/home/saran/raspberry-pi-pico/pico/pico-sdk/src/rp2_common/pico_double/double_v1_rom_shim.S.obj
                0x0000000010003c9c                dadd_shim
 .text.dmul_shim
                0x0000000010003df8      0x15c CMakeFiles/pico_micro_ros_example.dir/home/saran/raspberry-pi-pico/pico/pico-sdk/src/rp2_common/pico_double/double_v1_rom_shim.S.obj
                0x0000000010003df8                dmul_shim
 .text.ddiv_shim
                0x0000000010003f54      0x1b0 CMakeFiles/pico_micro_ros_example.dir/home/saran/raspberry-pi-pico/pico/pico-sdk/src/rp2_common/pico_double/double_v1_rom_shim.S.obj
                0x0000000010003f54                ddiv_shim
 .text.double2uint_shim
                0x0000000010004104        0xe CMakeFiles/pico_micro_ros_example.dir/home/saran/raspberry-pi-pico/pico/pico-sdk/src/rp2_common/pico_double/double_v1_rom_shim.S.obj
                0x0000000010004104                double2uint_shim
                0x0000000010004106                double2ufix_shim
 *fill*         0x0000000010004112        0x2 
 .text.double2uint64_shim
                0x0000000010004114       0x70 CMakeFiles/pico_micro_ros_example.dir/home/saran/raspberry-pi-pico/pico/pico-sdk/src/rp2_common/pico_double/double_v1_rom_shim.S.obj
                0x0000000010004114                double2uint64_shim
                0x0000000010004116                double2ufix64_shim
                0x0000000010004136                d2fix_a
 .text.dunpacks
                0x0000000010004184       0x3c CMakeFiles/pico_micro_ros_example.dir/home/saran/raspberry-pi-pico/pico/pico-sdk/src/rp2_common/pico_double/double_v1_rom_shim.S.obj
                0x0000000010004184                dunpacks
 .text.__aeabi_lmul
                0x00000000100041c0       0x32 CMakeFiles/pico_micro_ros_example.dir/home/saran/raspberry-pi-pico/pico/pico-sdk/src/rp2_common/pico_int64_ops/pico_int64_ops_aeabi.S.obj
                0x00000000100041c0                __wrap___aeabi_lmul
 *fill*         0x00000000100041f2        0x2 
 .text.__wrap___aeabi_farithmetic
                0x00000000100041f4       0x48 CMakeFiles/pico_micro_ros_example.dir/home/saran/raspberry-pi-pico/pico/pico-sdk/src/rp2_common/pico_float/float_aeabi.S.obj
                0x00000000100041f4                __wrap___aeabi_frsub
                0x00000000100041fa                __wrap___aeabi_fsub
                0x0000000010004200                __wrap___aeabi_fadd
                0x0000000010004206                __wrap___aeabi_fdiv
                0x000000001000422e                __wrap___aeabi_fmul
 .text.__wrap___aeabi_ui2f
                0x000000001000423c        0xa CMakeFiles/pico_micro_ros_example.dir/home/saran/raspberry-pi-pico/pico/pico-sdk/src/rp2_common/pico_float/float_aeabi.S.obj
                0x000000001000423c                __wrap___aeabi_ui2f
 *fill*         0x0000000010004246        0x2 
 .text.__wrap___aeabi_i2f
                0x0000000010004248       0x44 CMakeFiles/pico_micro_ros_example.dir/home/saran/raspberry-pi-pico/pico/pico-sdk/src/rp2_common/pico_float/float_aeabi.S.obj
                0x0000000010004248                __wrap___aeabi_i2f
 .text.__wrap___aeabi_f2iz
                0x000000001000428c       0x4e CMakeFiles/pico_micro_ros_example.dir/home/saran/raspberry-pi-pico/pico/pico-sdk/src/rp2_common/pico_float/float_aeabi.S.obj
                0x000000001000428c                __wrap___aeabi_f2iz
                0x000000001000428c                float2int_z
 *fill*         0x00000000100042da        0x2 
 .text.float2int
                0x00000000100042dc       0x14 CMakeFiles/pico_micro_ros_example.dir/home/saran/raspberry-pi-pico/pico/pico-sdk/src/rp2_common/pico_float/float_aeabi.S.obj
                0x00000000100042dc                float2int
 .text.__wrap___aeabi_f2uiz
                0x00000000100042f0        0xc CMakeFiles/pico_micro_ros_example.dir/home/saran/raspberry-pi-pico/pico/pico-sdk/src/rp2_common/pico_float/float_aeabi.S.obj
                0x00000000100042f0                __wrap___aeabi_f2uiz
 .text.__aeabi_float_init
                0x00000000100042fc       0x64 CMakeFiles/pico_micro_ros_example.dir/home/saran/raspberry-pi-pico/pico/pico-sdk/src/rp2_common/pico_float/float_init_rom.c.obj
                0x00000000100042fc                __aeabi_float_init
 .text.float_table_shim_on_use_helper
                0x0000000010004360       0x2c CMakeFiles/pico_micro_ros_example.dir/home/saran/raspberry-pi-pico/pico/pico-sdk/src/rp2_common/pico_float/float_v1_rom_shim.S.obj
                0x0000000010004360                float_table_shim_on_use_helper
 .text.float232_shims
                0x000000001000438c       0x18 CMakeFiles/pico_micro_ros_example.dir/home/saran/raspberry-pi-pico/pico/pico-sdk/src/rp2_common/pico_float/float_v1_rom_shim.S.obj
                0x000000001000438c                float2int_shim
                0x000000001000438e                float2fix_shim
 .text.__wrap_malloc
                0x00000000100043a4       0x24 CMakeFiles/pico_micro_ros_example.dir/home/saran/raspberry-pi-pico/pico/pico-sdk/src/rp2_common/pico_malloc/pico_malloc.c.obj
                0x00000000100043a4                __wrap_malloc
 .text.__wrap_calloc
                0x00000000100043c8       0x24 CMakeFiles/pico_micro_ros_example.dir/home/saran/raspberry-pi-pico/pico/pico-sdk/src/rp2_common/pico_malloc/pico_malloc.c.obj
                0x00000000100043c8                __wrap_calloc
 .text.__wrap_free
                0x00000000100043ec        0x8 CMakeFiles/pico_micro_ros_example.dir/home/saran/raspberry-pi-pico/pico/pico-sdk/src/rp2_common/pico_malloc/pico_malloc.c.obj
                0x00000000100043ec                __wrap_free
 .text          0x00000000100043f4       0x10 CMakeFiles/pico_micro_ros_example.dir/home/saran/raspberry-pi-pico/pico/pico-sdk/src/rp2_common/pico_mem_ops/mem_ops_aeabi.S.obj
                0x00000000100043f4                __aeabi_mem_init
 .text.memset   0x0000000010004404        0xc CMakeFiles/pico_micro_ros_example.dir/home/saran/raspberry-pi-pico/pico/pico-sdk/src/rp2_common/pico_mem_ops/mem_ops_aeabi.S.obj
                0x0000000010004404                __wrap_memset
 .text.memcpy   0x0000000010004410        0xc CMakeFiles/pico_micro_ros_example.dir/home/saran/raspberry-pi-pico/pico/pico-sdk/src/rp2_common/pico_mem_ops/mem_ops_aeabi.S.obj
                0x0000000010004410                __wrap___aeabi_memcpy
                0x0000000010004410                __wrap_memcpy
 .text.stdio_out_chars_no_crlf
                0x000000001000441c       0x10 CMakeFiles/pico_micro_ros_example.dir/home/saran/raspberry-pi-pico/pico/pico-sdk/src/rp2_common/pico_stdio/stdio.c.obj
 .text.stdio_out_chars_crlf
                0x000000001000442c       0x10 CMakeFiles/pico_micro_ros_example.dir/home/saran/raspberry-pi-pico/pico/pico-sdk/src/rp2_common/pico_stdio/stdio.c.obj
 .text.stdio_put_string
                0x000000001000443c      0x100 CMakeFiles/pico_micro_ros_example.dir/home/saran/raspberry-pi-pico/pico/pico-sdk/src/rp2_common/pico_stdio/stdio.c.obj
 .text.__wrap_putchar
                0x000000001000453c       0xa4 CMakeFiles/pico_micro_ros_example.dir/home/saran/raspberry-pi-pico/pico/pico-sdk/src/rp2_common/pico_stdio/stdio.c.obj
                0x000000001000453c                __wrap_putchar
 .text.__wrap_puts
                0x00000000100045e0       0x3c CMakeFiles/pico_micro_ros_example.dir/home/saran/raspberry-pi-pico/pico/pico-sdk/src/rp2_common/pico_stdio/stdio.c.obj
                0x00000000100045e0                __wrap_puts
 .text.stdio_set_driver_enabled
                0x000000001000461c       0x30 CMakeFiles/pico_micro_ros_example.dir/home/saran/raspberry-pi-pico/pico/pico-sdk/src/rp2_common/pico_stdio/stdio.c.obj
                0x000000001000461c                stdio_set_driver_enabled
 .text.stdio_init_all
                0x000000001000464c        0x8 CMakeFiles/pico_micro_ros_example.dir/home/saran/raspberry-pi-pico/pico/pico-sdk/src/rp2_common/pico_stdio/stdio.c.obj
                0x000000001000464c                stdio_init_all
 .text.getchar_timeout_us
                0x0000000010004654       0xa4 CMakeFiles/pico_micro_ros_example.dir/home/saran/raspberry-pi-pico/pico/pico-sdk/src/rp2_common/pico_stdio/stdio.c.obj
                0x0000000010004654                getchar_timeout_us
 .text.resetd_init
                0x00000000100046f8        0x4 CMakeFiles/pico_micro_ros_example.dir/home/saran/raspberry-pi-pico/pico/pico-sdk/src/rp2_common/pico_stdio_usb/reset_interface.c.obj
 .text.resetd_reset
                0x00000000100046fc        0xc CMakeFiles/pico_micro_ros_example.dir/home/saran/raspberry-pi-pico/pico/pico-sdk/src/rp2_common/pico_stdio_usb/reset_interface.c.obj
 .text.resetd_open
                0x0000000010004708       0x28 CMakeFiles/pico_micro_ros_example.dir/home/saran/raspberry-pi-pico/pico/pico-sdk/src/rp2_common/pico_stdio_usb/reset_interface.c.obj
 .text.resetd_xfer_cb
                0x0000000010004730        0x4 CMakeFiles/pico_micro_ros_example.dir/home/saran/raspberry-pi-pico/pico/pico-sdk/src/rp2_common/pico_stdio_usb/reset_interface.c.obj
 .text.resetd_control_xfer_cb
                0x0000000010004734       0x64 CMakeFiles/pico_micro_ros_example.dir/home/saran/raspberry-pi-pico/pico/pico-sdk/src/rp2_common/pico_stdio_usb/reset_interface.c.obj
 .text.usbd_app_driver_get_cb
                0x0000000010004798        0xc CMakeFiles/pico_micro_ros_example.dir/home/saran/raspberry-pi-pico/pico/pico-sdk/src/rp2_common/pico_stdio_usb/reset_interface.c.obj
                0x0000000010004798                usbd_app_driver_get_cb
 .text.tud_cdc_line_coding_cb
                0x00000000100047a4       0x34 CMakeFiles/pico_micro_ros_example.dir/home/saran/raspberry-pi-pico/pico/pico-sdk/src/rp2_common/pico_stdio_usb/reset_interface.c.obj
                0x00000000100047a4                tud_cdc_line_coding_cb
 .text.stdio_usb_in_chars
                0x00000000100047d8       0x68 CMakeFiles/pico_micro_ros_example.dir/home/saran/raspberry-pi-pico/pico/pico-sdk/src/rp2_common/pico_stdio_usb/stdio_usb.c.obj
                0x00000000100047d8                stdio_usb_in_chars
 .text.stdio_usb_out_chars
                0x0000000010004840       0xec CMakeFiles/pico_micro_ros_example.dir/home/saran/raspberry-pi-pico/pico/pico-sdk/src/rp2_common/pico_stdio_usb/stdio_usb.c.obj
 .text.timer_task
                0x000000001000492c       0x10 CMakeFiles/pico_micro_ros_example.dir/home/saran/raspberry-pi-pico/pico/pico-sdk/src/rp2_common/pico_stdio_usb/stdio_usb.c.obj
 .text.low_priority_worker_irq
                0x000000001000493c       0x24 CMakeFiles/pico_micro_ros_example.dir/home/saran/raspberry-pi-pico/pico/pico-sdk/src/rp2_common/pico_stdio_usb/stdio_usb.c.obj
 .text.stdio_usb_init
                0x0000000010004960       0x90 CMakeFiles/pico_micro_ros_example.dir/home/saran/raspberry-pi-pico/pico/pico-sdk/src/rp2_common/pico_stdio_usb/stdio_usb.c.obj
                0x0000000010004960                stdio_usb_init
 .text.tud_descriptor_device_cb
                0x00000000100049f0        0x8 CMakeFiles/pico_micro_ros_example.dir/home/saran/raspberry-pi-pico/pico/pico-sdk/src/rp2_common/pico_stdio_usb/stdio_usb_descriptors.c.obj
                0x00000000100049f0                tud_descriptor_device_cb
 .text.tud_descriptor_configuration_cb
                0x00000000100049f8        0x8 CMakeFiles/pico_micro_ros_example.dir/home/saran/raspberry-pi-pico/pico/pico-sdk/src/rp2_common/pico_stdio_usb/stdio_usb_descriptors.c.obj
                0x00000000100049f8                tud_descriptor_configuration_cb
 .text.tud_descriptor_string_cb
                0x0000000010004a00       0x70 CMakeFiles/pico_micro_ros_example.dir/home/saran/raspberry-pi-pico/pico/pico-sdk/src/rp2_common/pico_stdio_usb/stdio_usb_descriptors.c.obj
                0x0000000010004a00                tud_descriptor_string_cb
 .text.dcd_rp2040_irq
                0x0000000010004a70      0x21c CMakeFiles/pico_micro_ros_example.dir/home/saran/raspberry-pi-pico/pico/pico-sdk/lib/tinyusb/src/portable/raspberrypi/rp2040/dcd_rp2040.c.obj
 .text.dcd_int_enable
                0x0000000010004c8c        0xc CMakeFiles/pico_micro_ros_example.dir/home/saran/raspberry-pi-pico/pico/pico-sdk/lib/tinyusb/src/portable/raspberrypi/rp2040/dcd_rp2040.c.obj
                0x0000000010004c8c                dcd_int_enable
 .text.dcd_set_address
                0x0000000010004c98       0x14 CMakeFiles/pico_micro_ros_example.dir/home/saran/raspberry-pi-pico/pico/pico-sdk/lib/tinyusb/src/portable/raspberrypi/rp2040/dcd_rp2040.c.obj
                0x0000000010004c98                dcd_set_address
 .text.dcd_connect
                0x0000000010004cac       0x10 CMakeFiles/pico_micro_ros_example.dir/home/saran/raspberry-pi-pico/pico/pico-sdk/lib/tinyusb/src/portable/raspberrypi/rp2040/dcd_rp2040.c.obj
                0x0000000010004cac                dcd_connect
 .text.dcd_init
                0x0000000010004cbc      0x148 CMakeFiles/pico_micro_ros_example.dir/home/saran/raspberry-pi-pico/pico/pico-sdk/lib/tinyusb/src/portable/raspberrypi/rp2040/dcd_rp2040.c.obj
                0x0000000010004cbc                dcd_init
 .text.dcd_edpt0_status_complete
                0x0000000010004e04       0x1c CMakeFiles/pico_micro_ros_example.dir/home/saran/raspberry-pi-pico/pico/pico-sdk/lib/tinyusb/src/portable/raspberrypi/rp2040/dcd_rp2040.c.obj
                0x0000000010004e04                dcd_edpt0_status_complete
 .text.dcd_edpt_open
                0x0000000010004e20       0xf0 CMakeFiles/pico_micro_ros_example.dir/home/saran/raspberry-pi-pico/pico/pico-sdk/lib/tinyusb/src/portable/raspberrypi/rp2040/dcd_rp2040.c.obj
                0x0000000010004e20                dcd_edpt_open
 .text.dcd_edpt_close_all
                0x0000000010004f10       0xbc CMakeFiles/pico_micro_ros_example.dir/home/saran/raspberry-pi-pico/pico/pico-sdk/lib/tinyusb/src/portable/raspberrypi/rp2040/dcd_rp2040.c.obj
                0x0000000010004f10                dcd_edpt_close_all
 .text.dcd_edpt_xfer
                0x0000000010004fcc       0x24 CMakeFiles/pico_micro_ros_example.dir/home/saran/raspberry-pi-pico/pico/pico-sdk/lib/tinyusb/src/portable/raspberrypi/rp2040/dcd_rp2040.c.obj
                0x0000000010004fcc                dcd_edpt_xfer
 .text.dcd_edpt_stall
                0x0000000010004ff0       0x38 CMakeFiles/pico_micro_ros_example.dir/home/saran/raspberry-pi-pico/pico/pico-sdk/lib/tinyusb/src/portable/raspberrypi/rp2040/dcd_rp2040.c.obj
                0x0000000010004ff0                dcd_edpt_stall
 .text.dcd_edpt_clear_stall
                0x0000000010005028       0x30 CMakeFiles/pico_micro_ros_example.dir/home/saran/raspberry-pi-pico/pico/pico-sdk/lib/tinyusb/src/portable/raspberrypi/rp2040/dcd_rp2040.c.obj
                0x0000000010005028                dcd_edpt_clear_stall
 .text._hw_endpoint_buffer_control_update32.part.0
                0x0000000010005058       0x20 CMakeFiles/pico_micro_ros_example.dir/home/saran/raspberry-pi-pico/pico/pico-sdk/lib/tinyusb/src/portable/raspberrypi/rp2040/rp2040_usb.c.obj
 .text.rp2040_usb_init
                0x0000000010005078       0x4c CMakeFiles/pico_micro_ros_example.dir/home/saran/raspberry-pi-pico/pico/pico-sdk/lib/tinyusb/src/portable/raspberrypi/rp2040/rp2040_usb.c.obj
                0x0000000010005078                rp2040_usb_init
 .text.hw_endpoint_reset_transfer
                0x00000000100050c4        0xc CMakeFiles/pico_micro_ros_example.dir/home/saran/raspberry-pi-pico/pico/pico-sdk/lib/tinyusb/src/portable/raspberrypi/rp2040/rp2040_usb.c.obj
                0x00000000100050c4                hw_endpoint_reset_transfer
 .text._hw_endpoint_buffer_control_update32
                0x00000000100050d0       0x40 CMakeFiles/pico_micro_ros_example.dir/home/saran/raspberry-pi-pico/pico/pico-sdk/lib/tinyusb/src/portable/raspberrypi/rp2040/rp2040_usb.c.obj
                0x00000000100050d0                _hw_endpoint_buffer_control_update32
 .text.hw_endpoint_xfer_start
                0x0000000010005110      0x138 CMakeFiles/pico_micro_ros_example.dir/home/saran/raspberry-pi-pico/pico/pico-sdk/lib/tinyusb/src/portable/raspberrypi/rp2040/rp2040_usb.c.obj
                0x0000000010005110                hw_endpoint_xfer_start
 .text.hw_endpoint_xfer_continue
                0x0000000010005248      0x1e4 CMakeFiles/pico_micro_ros_example.dir/home/saran/raspberry-pi-pico/pico/pico-sdk/lib/tinyusb/src/portable/raspberrypi/rp2040/rp2040_usb.c.obj
                0x0000000010005248                hw_endpoint_xfer_continue
 .text.tud_mounted
                0x000000001000542c       0x10 CMakeFiles/pico_micro_ros_example.dir/home/saran/raspberry-pi-pico/pico/pico-sdk/lib/tinyusb/src/device/usbd.c.obj
                0x000000001000542c                tud_mounted
 .text.tud_suspended
                0x000000001000543c       0x10 CMakeFiles/pico_micro_ros_example.dir/home/saran/raspberry-pi-pico/pico/pico-sdk/lib/tinyusb/src/device/usbd.c.obj
                0x000000001000543c                tud_suspended
 .text.tud_inited
                0x000000001000544c        0xc CMakeFiles/pico_micro_ros_example.dir/home/saran/raspberry-pi-pico/pico/pico-sdk/lib/tinyusb/src/device/usbd.c.obj
                0x000000001000544c                tud_inited
 .text.tud_init
                0x0000000010005458       0xd8 CMakeFiles/pico_micro_ros_example.dir/home/saran/raspberry-pi-pico/pico/pico-sdk/lib/tinyusb/src/device/usbd.c.obj
                0x0000000010005458                tud_init
 .text.tud_task
                0x0000000010005530      0x8ec CMakeFiles/pico_micro_ros_example.dir/home/saran/raspberry-pi-pico/pico/pico-sdk/lib/tinyusb/src/device/usbd.c.obj
                0x0000000010005530                tud_task
 .text.dcd_event_bus_signal
                0x0000000010005e1c      0x120 CMakeFiles/pico_micro_ros_example.dir/home/saran/raspberry-pi-pico/pico/pico-sdk/lib/tinyusb/src/device/usbd.c.obj
                0x0000000010005e1c                dcd_event_bus_signal
 .text.dcd_event_bus_reset
                0x0000000010005f3c       0x54 CMakeFiles/pico_micro_ros_example.dir/home/saran/raspberry-pi-pico/pico/pico-sdk/lib/tinyusb/src/device/usbd.c.obj
                0x0000000010005f3c                dcd_event_bus_reset
 .text.dcd_event_setup_received
                0x0000000010005f90       0x50 CMakeFiles/pico_micro_ros_example.dir/home/saran/raspberry-pi-pico/pico/pico-sdk/lib/tinyusb/src/device/usbd.c.obj
                0x0000000010005f90                dcd_event_setup_received
 .text.dcd_event_xfer_complete
                0x0000000010005fe0       0x68 CMakeFiles/pico_micro_ros_example.dir/home/saran/raspberry-pi-pico/pico/pico-sdk/lib/tinyusb/src/device/usbd.c.obj
                0x0000000010005fe0                dcd_event_xfer_complete
 .text.usbd_open_edpt_pair
                0x0000000010006048       0x80 CMakeFiles/pico_micro_ros_example.dir/home/saran/raspberry-pi-pico/pico/pico-sdk/lib/tinyusb/src/device/usbd.c.obj
                0x0000000010006048                usbd_open_edpt_pair
 .text.usbd_edpt_open
                0x00000000100060c8       0x30 CMakeFiles/pico_micro_ros_example.dir/home/saran/raspberry-pi-pico/pico/pico-sdk/lib/tinyusb/src/device/usbd.c.obj
                0x00000000100060c8                usbd_edpt_open
 .text.usbd_edpt_claim
                0x00000000100060f8       0x64 CMakeFiles/pico_micro_ros_example.dir/home/saran/raspberry-pi-pico/pico/pico-sdk/lib/tinyusb/src/device/usbd.c.obj
                0x00000000100060f8                usbd_edpt_claim
 .text.usbd_edpt_release
                0x000000001000615c       0x4c CMakeFiles/pico_micro_ros_example.dir/home/saran/raspberry-pi-pico/pico/pico-sdk/lib/tinyusb/src/device/usbd.c.obj
                0x000000001000615c                usbd_edpt_release
 .text.usbd_edpt_xfer
                0x00000000100061a8       0x48 CMakeFiles/pico_micro_ros_example.dir/home/saran/raspberry-pi-pico/pico/pico-sdk/lib/tinyusb/src/device/usbd.c.obj
                0x00000000100061a8                usbd_edpt_xfer
 .text.tud_control_status
                0x00000000100061f0       0x30 CMakeFiles/pico_micro_ros_example.dir/home/saran/raspberry-pi-pico/pico/pico-sdk/lib/tinyusb/src/device/usbd_control.c.obj
                0x00000000100061f0                tud_control_status
 .text.tud_control_xfer
                0x0000000010006220       0xb8 CMakeFiles/pico_micro_ros_example.dir/home/saran/raspberry-pi-pico/pico/pico-sdk/lib/tinyusb/src/device/usbd_control.c.obj
                0x0000000010006220                tud_control_xfer
 .text.usbd_control_reset
                0x00000000100062d8       0x14 CMakeFiles/pico_micro_ros_example.dir/home/saran/raspberry-pi-pico/pico/pico-sdk/lib/tinyusb/src/device/usbd_control.c.obj
                0x00000000100062d8                usbd_control_reset
 .text.usbd_control_set_complete_callback
                0x00000000100062ec        0xc CMakeFiles/pico_micro_ros_example.dir/home/saran/raspberry-pi-pico/pico/pico-sdk/lib/tinyusb/src/device/usbd_control.c.obj
                0x00000000100062ec                usbd_control_set_complete_callback
 .text.usbd_control_set_request
                0x00000000100062f8       0x1c CMakeFiles/pico_micro_ros_example.dir/home/saran/raspberry-pi-pico/pico/pico-sdk/lib/tinyusb/src/device/usbd_control.c.obj
                0x00000000100062f8                usbd_control_set_request
 .text.usbd_control_xfer_cb
                0x0000000010006314       0xf8 CMakeFiles/pico_micro_ros_example.dir/home/saran/raspberry-pi-pico/pico/pico-sdk/lib/tinyusb/src/device/usbd_control.c.obj
                0x0000000010006314                usbd_control_xfer_cb
 .text.tud_cdc_n_connected
                0x000000001000640c       0x30 CMakeFiles/pico_micro_ros_example.dir/home/saran/raspberry-pi-pico/pico/pico-sdk/lib/tinyusb/src/class/cdc/cdc_device.c.obj
                0x000000001000640c                tud_cdc_n_connected
 .text.tud_cdc_n_available
                0x000000001000643c       0x18 CMakeFiles/pico_micro_ros_example.dir/home/saran/raspberry-pi-pico/pico/pico-sdk/lib/tinyusb/src/class/cdc/cdc_device.c.obj
                0x000000001000643c                tud_cdc_n_available
 .text.tud_cdc_n_read
                0x0000000010006454       0x70 CMakeFiles/pico_micro_ros_example.dir/home/saran/raspberry-pi-pico/pico/pico-sdk/lib/tinyusb/src/class/cdc/cdc_device.c.obj
                0x0000000010006454                tud_cdc_n_read
 .text.tud_cdc_n_write_flush
                0x00000000100064c4       0x78 CMakeFiles/pico_micro_ros_example.dir/home/saran/raspberry-pi-pico/pico/pico-sdk/lib/tinyusb/src/class/cdc/cdc_device.c.obj
                0x00000000100064c4                tud_cdc_n_write_flush
 .text.tud_cdc_n_write
                0x000000001000653c       0x34 CMakeFiles/pico_micro_ros_example.dir/home/saran/raspberry-pi-pico/pico/pico-sdk/lib/tinyusb/src/class/cdc/cdc_device.c.obj
                0x000000001000653c                tud_cdc_n_write
 .text.tud_cdc_n_write_available
                0x0000000010006570       0x18 CMakeFiles/pico_micro_ros_example.dir/home/saran/raspberry-pi-pico/pico/pico-sdk/lib/tinyusb/src/class/cdc/cdc_device.c.obj
                0x0000000010006570                tud_cdc_n_write_available
 .text.cdcd_init
                0x0000000010006588       0x7c CMakeFiles/pico_micro_ros_example.dir/home/saran/raspberry-pi-pico/pico/pico-sdk/lib/tinyusb/src/class/cdc/cdc_device.c.obj
                0x0000000010006588                cdcd_init
 .text.cdcd_reset
                0x0000000010006604       0x2c CMakeFiles/pico_micro_ros_example.dir/home/saran/raspberry-pi-pico/pico/pico-sdk/lib/tinyusb/src/class/cdc/cdc_device.c.obj
                0x0000000010006604                cdcd_reset
 .text.cdcd_open
                0x0000000010006630       0xe4 CMakeFiles/pico_micro_ros_example.dir/home/saran/raspberry-pi-pico/pico/pico-sdk/lib/tinyusb/src/class/cdc/cdc_device.c.obj
                0x0000000010006630                cdcd_open
 .text.cdcd_control_xfer_cb
                0x0000000010006714       0xe4 CMakeFiles/pico_micro_ros_example.dir/home/saran/raspberry-pi-pico/pico/pico-sdk/lib/tinyusb/src/class/cdc/cdc_device.c.obj
                0x0000000010006714                cdcd_control_xfer_cb
 .text.cdcd_xfer_cb
                0x00000000100067f8      0x198 CMakeFiles/pico_micro_ros_example.dir/home/saran/raspberry-pi-pico/pico/pico-sdk/lib/tinyusb/src/class/cdc/cdc_device.c.obj
                0x00000000100067f8                cdcd_xfer_cb
 .text.tusb_init
                0x0000000010006990        0xc CMakeFiles/pico_micro_ros_example.dir/home/saran/raspberry-pi-pico/pico/pico-sdk/lib/tinyusb/src/tusb.c.obj
                0x0000000010006990                tusb_init
 .text.tusb_inited
                0x000000001000699c        0x8 CMakeFiles/pico_micro_ros_example.dir/home/saran/raspberry-pi-pico/pico/pico-sdk/lib/tinyusb/src/tusb.c.obj
                0x000000001000699c                tusb_inited
 .text.tu_edpt_validate
                0x00000000100069a4       0x78 CMakeFiles/pico_micro_ros_example.dir/home/saran/raspberry-pi-pico/pico/pico-sdk/lib/tinyusb/src/tusb.c.obj
                0x00000000100069a4                tu_edpt_validate
 .text.tu_edpt_bind_driver
                0x0000000010006a1c       0x2c CMakeFiles/pico_micro_ros_example.dir/home/saran/raspberry-pi-pico/pico/pico-sdk/lib/tinyusb/src/tusb.c.obj
                0x0000000010006a1c                tu_edpt_bind_driver
 .text.tu_fifo_config
                0x0000000010006a48       0x78 CMakeFiles/pico_micro_ros_example.dir/home/saran/raspberry-pi-pico/pico/pico-sdk/lib/tinyusb/src/common/tusb_fifo.c.obj
                0x0000000010006a48                tu_fifo_config
 .text.tu_fifo_count
                0x0000000010006ac0       0x20 CMakeFiles/pico_micro_ros_example.dir/home/saran/raspberry-pi-pico/pico/pico-sdk/lib/tinyusb/src/common/tusb_fifo.c.obj
                0x0000000010006ac0                tu_fifo_count
 .text.tu_fifo_empty
                0x0000000010006ae0       0x10 CMakeFiles/pico_micro_ros_example.dir/home/saran/raspberry-pi-pico/pico/pico-sdk/lib/tinyusb/src/common/tusb_fifo.c.obj
                0x0000000010006ae0                tu_fifo_empty
 .text.tu_fifo_remaining
                0x0000000010006af0       0x1c CMakeFiles/pico_micro_ros_example.dir/home/saran/raspberry-pi-pico/pico/pico-sdk/lib/tinyusb/src/common/tusb_fifo.c.obj
                0x0000000010006af0                tu_fifo_remaining
 .text.tu_fifo_read
                0x0000000010006b0c       0x9c CMakeFiles/pico_micro_ros_example.dir/home/saran/raspberry-pi-pico/pico/pico-sdk/lib/tinyusb/src/common/tusb_fifo.c.obj
                0x0000000010006b0c                tu_fifo_read
 .text.tu_fifo_read_n
                0x0000000010006ba8      0x100 CMakeFiles/pico_micro_ros_example.dir/home/saran/raspberry-pi-pico/pico/pico-sdk/lib/tinyusb/src/common/tusb_fifo.c.obj
                0x0000000010006ba8                tu_fifo_read_n
 .text.tu_fifo_write
                0x0000000010006ca8       0x7c CMakeFiles/pico_micro_ros_example.dir/home/saran/raspberry-pi-pico/pico/pico-sdk/lib/tinyusb/src/common/tusb_fifo.c.obj
                0x0000000010006ca8                tu_fifo_write
 .text.tu_fifo_write_n
                0x0000000010006d24       0xf8 CMakeFiles/pico_micro_ros_example.dir/home/saran/raspberry-pi-pico/pico/pico-sdk/lib/tinyusb/src/common/tusb_fifo.c.obj
                0x0000000010006d24                tu_fifo_write_n
 .text.tu_fifo_clear
                0x0000000010006e1c       0x4c CMakeFiles/pico_micro_ros_example.dir/home/saran/raspberry-pi-pico/pico/pico-sdk/lib/tinyusb/src/common/tusb_fifo.c.obj
                0x0000000010006e1c                tu_fifo_clear
 .text.tu_fifo_set_overwritable
                0x0000000010006e68       0x3c CMakeFiles/pico_micro_ros_example.dir/home/saran/raspberry-pi-pico/pico/pico-sdk/lib/tinyusb/src/common/tusb_fifo.c.obj
                0x0000000010006e68                tu_fifo_set_overwritable
 .text.startup._retrieve_unique_id_on_boot
                0x0000000010006ea4       0x10 CMakeFiles/pico_micro_ros_example.dir/home/saran/raspberry-pi-pico/pico/pico-sdk/src/rp2_common/pico_unique_id/unique_id.c.obj
 .text.pico_get_unique_board_id_string
                0x0000000010006eb4      0x1bc CMakeFiles/pico_micro_ros_example.dir/home/saran/raspberry-pi-pico/pico/pico-sdk/src/rp2_common/pico_unique_id/unique_id.c.obj
                0x0000000010006eb4                pico_get_unique_board_id_string
 .text.flash_get_unique_id
                0x0000000010007070       0x40 CMakeFiles/pico_micro_ros_example.dir/home/saran/raspberry-pi-pico/pico/pico-sdk/src/rp2_common/hardware_flash/flash.c.obj
                0x0000000010007070                flash_get_unique_id
 .text.rcl_get_zero_initialized_publisher
                0x00000000100070b0        0xc /home/saran/micro_ros_ws/src/micro_ros_raspberrypi_pico_sdk/libmicroros/libmicroros.a(librcl-publisher.c.obj)
                0x00000000100070b0                rcl_get_zero_initialized_publisher
 .text.rcl_publisher_init
                0x00000000100070bc      0x138 /home/saran/micro_ros_ws/src/micro_ros_raspberrypi_pico_sdk/libmicroros/libmicroros.a(librcl-publisher.c.obj)
                0x00000000100070bc                rcl_publisher_init
 .text.rcl_publisher_get_default_options
                0x00000000100071f4       0x50 /home/saran/micro_ros_ws/src/micro_ros_raspberrypi_pico_sdk/libmicroros/libmicroros.a(librcl-publisher.c.obj)
                0x00000000100071f4                rcl_publisher_get_default_options
 .text.rcl_publish
                0x0000000010007244       0x4c /home/saran/micro_ros_ws/src/micro_ros_raspberrypi_pico_sdk/libmicroros/libmicroros.a(librcl-publisher.c.obj)
                0x0000000010007244                rcl_publish
 .text.rcl_publisher_is_valid
                0x0000000010007290       0x30 /home/saran/micro_ros_ws/src/micro_ros_raspberrypi_pico_sdk/libmicroros/libmicroros.a(librcl-publisher.c.obj)
                0x0000000010007290                rcl_publisher_is_valid
 .text.rcl_publisher_is_valid_except_context
                0x00000000100072c0       0x1c /home/saran/micro_ros_ws/src/micro_ros_raspberrypi_pico_sdk/libmicroros/libmicroros.a(librcl-publisher.c.obj)
                0x00000000100072c0                rcl_publisher_is_valid_except_context
 .text._rclc_check_for_new_data
                0x00000000100072dc       0x90 /home/saran/micro_ros_ws/src/micro_ros_raspberrypi_pico_sdk/libmicroros/libmicroros.a(librclc-executor.c.obj)
 .text._rclc_take_new_data
                0x000000001000736c      0x2c8 /home/saran/micro_ros_ws/src/micro_ros_raspberrypi_pico_sdk/libmicroros/libmicroros.a(librclc-executor.c.obj)
 .text._rclc_execute.part.0
                0x0000000010007634      0x29c /home/saran/micro_ros_ws/src/micro_ros_raspberrypi_pico_sdk/libmicroros/libmicroros.a(librclc-executor.c.obj)
 .text.rclc_executor_trigger_any
                0x00000000100078d0       0x7c /home/saran/micro_ros_ws/src/micro_ros_raspberrypi_pico_sdk/libmicroros/libmicroros.a(librclc-executor.c.obj)
                0x00000000100078d0                rclc_executor_trigger_any
 .text.rclc_executor_init
                0x000000001000794c       0xc0 /home/saran/micro_ros_ws/src/micro_ros_raspberrypi_pico_sdk/libmicroros/libmicroros.a(librclc-executor.c.obj)
                0x000000001000794c                rclc_executor_init
 .text.rclc_executor_add_timer
                0x0000000010007a0c       0x58 /home/saran/micro_ros_ws/src/micro_ros_raspberrypi_pico_sdk/libmicroros/libmicroros.a(librclc-executor.c.obj)
                0x0000000010007a0c                rclc_executor_add_timer
 .text.rclc_executor_prepare
                0x0000000010007a64       0x88 /home/saran/micro_ros_ws/src/micro_ros_raspberrypi_pico_sdk/libmicroros/libmicroros.a(librclc-executor.c.obj)
                0x0000000010007a64                rclc_executor_prepare
 .text.rclc_executor_spin_some.part.0
                0x0000000010007aec      0x378 /home/saran/micro_ros_ws/src/micro_ros_raspberrypi_pico_sdk/libmicroros/libmicroros.a(librclc-executor.c.obj)
 .text.rclc_executor_spin_some
                0x0000000010007e64       0x30 /home/saran/micro_ros_ws/src/micro_ros_raspberrypi_pico_sdk/libmicroros/libmicroros.a(librclc-executor.c.obj)
                0x0000000010007e64                rclc_executor_spin_some
 .text.rclc_executor_handle_counters_zero_init
                0x0000000010007e94       0x18 /home/saran/micro_ros_ws/src/micro_ros_raspberrypi_pico_sdk/libmicroros/libmicroros.a(librclc-executor_handle.c.obj)
                0x0000000010007e94                rclc_executor_handle_counters_zero_init
 .text.rclc_executor_handle_init
                0x0000000010007eac       0x28 /home/saran/micro_ros_ws/src/micro_ros_raspberrypi_pico_sdk/libmicroros/libmicroros.a(librclc-executor_handle.c.obj)
                0x0000000010007eac                rclc_executor_handle_init
 .text.rclc_support_init
                0x0000000010007ed4       0x94 /home/saran/micro_ros_ws/src/micro_ros_raspberrypi_pico_sdk/libmicroros/libmicroros.a(librclc-init.c.obj)
                0x0000000010007ed4                rclc_support_init
 .text.rclc_node_init_default
                0x0000000010007f68       0x74 /home/saran/micro_ros_ws/src/micro_ros_raspberrypi_pico_sdk/libmicroros/libmicroros.a(librclc-node.c.obj)
                0x0000000010007f68                rclc_node_init_default
 .text.rclc_publisher_init_default
                0x0000000010007fdc       0x68 /home/saran/micro_ros_ws/src/micro_ros_raspberrypi_pico_sdk/libmicroros/libmicroros.a(librclc-publisher.c.obj)
                0x0000000010007fdc                rclc_publisher_init_default
 .text.rclc_timer_init_default
                0x0000000010008044       0x60 /home/saran/micro_ros_ws/src/micro_ros_raspberrypi_pico_sdk/libmicroros/libmicroros.a(librclc-timer.c.obj)
                0x0000000010008044                rclc_timer_init_default
 .text.__default_zero_allocate
                0x00000000100080a4        0x8 /home/saran/micro_ros_ws/src/micro_ros_raspberrypi_pico_sdk/libmicroros/libmicroros.a(librcutils-allocator.c.obj)
 .text.__default_reallocate
                0x00000000100080ac        0x8 /home/saran/micro_ros_ws/src/micro_ros_raspberrypi_pico_sdk/libmicroros/libmicroros.a(librcutils-allocator.c.obj)
 .text.__default_deallocate
                0x00000000100080b4        0x8 /home/saran/micro_ros_ws/src/micro_ros_raspberrypi_pico_sdk/libmicroros/libmicroros.a(librcutils-allocator.c.obj)
 .text.__default_allocate
                0x00000000100080bc        0x8 /home/saran/micro_ros_ws/src/micro_ros_raspberrypi_pico_sdk/libmicroros/libmicroros.a(librcutils-allocator.c.obj)
 .text.rcutils_get_default_allocator
                0x00000000100080c4       0x14 /home/saran/micro_ros_ws/src/micro_ros_raspberrypi_pico_sdk/libmicroros/libmicroros.a(librcutils-allocator.c.obj)
                0x00000000100080c4                rcutils_get_default_allocator
 .text.rcutils_allocator_is_valid
                0x00000000100080d8       0x24 /home/saran/micro_ros_ws/src/micro_ros_raspberrypi_pico_sdk/libmicroros/libmicroros.a(librcutils-allocator.c.obj)
                0x00000000100080d8                rcutils_allocator_is_valid
 .text.rcutils_get_error_string
                0x00000000100080fc       0x34 /home/saran/micro_ros_ws/src/micro_ros_raspberrypi_pico_sdk/libmicroros/libmicroros.a(librcutils-error_handling.c.obj)
                0x00000000100080fc                rcutils_get_error_string
 .text.rcutils_reset_error
                0x0000000010008130       0x38 /home/saran/micro_ros_ws/src/micro_ros_raspberrypi_pico_sdk/libmicroros/libmicroros.a(librcutils-error_handling.c.obj)
                0x0000000010008130                rcutils_reset_error
 .text.rcutils_system_time_now
                0x0000000010008168       0x4c /home/saran/micro_ros_ws/src/micro_ros_raspberrypi_pico_sdk/libmicroros/libmicroros.a(librcutils-time_unix.c.obj)
                0x0000000010008168                rcutils_system_time_now
 .text.rcutils_steady_time_now
                0x00000000100081b4       0x4c /home/saran/micro_ros_ws/src/micro_ros_raspberrypi_pico_sdk/libmicroros/libmicroros.a(librcutils-time_unix.c.obj)
                0x00000000100081b4                rcutils_steady_time_now
 .text.rmw_get_default_publisher_options
                0x0000000010008200        0x8 /home/saran/micro_ros_ws/src/micro_ros_raspberrypi_pico_sdk/libmicroros/libmicroros.a(librmw-publisher_options.c.obj)
                0x0000000010008200                rmw_get_default_publisher_options
 .text.rmw_uros_set_custom_transport
                0x0000000010008208       0x34 /home/saran/micro_ros_ws/src/micro_ros_raspberrypi_pico_sdk/libmicroros/libmicroros.a(librmw_microxrcedds-custom_transport.c.obj)
                0x0000000010008208                rmw_uros_set_custom_transport
 .text.rmw_uros_ping_agent
                0x000000001000823c       0xa0 /home/saran/micro_ros_ws/src/micro_ros_raspberrypi_pico_sdk/libmicroros/libmicroros.a(librmw_microxrcedds-ping.c.obj)
                0x000000001000823c                rmw_uros_ping_agent
 .text.flush_session
                0x00000000100082dc        0xc /home/saran/micro_ros_ws/src/micro_ros_raspberrypi_pico_sdk/libmicroros/libmicroros.a(librmw_microxrcedds-rmw_publish.c.obj)
                0x00000000100082dc                flush_session
 .text.rmw_publish
                0x00000000100082e8       0xd8 /home/saran/micro_ros_ws/src/micro_ros_raspberrypi_pico_sdk/libmicroros/libmicroros.a(librmw_microxrcedds-rmw_publish.c.obj)
                0x00000000100082e8                rmw_publish
 .text.rmw_create_publisher
                0x00000000100083c0      0x218 /home/saran/micro_ros_ws/src/micro_ros_raspberrypi_pico_sdk/libmicroros/libmicroros.a(librmw_microxrcedds-rmw_publisher.c.obj)
                0x00000000100083c0                rmw_create_publisher
 .text.rmw_publisher_get_actual_qos
                0x00000000100085d8        0x4 /home/saran/micro_ros_ws/src/micro_ros_raspberrypi_pico_sdk/libmicroros/libmicroros.a(librmw_microxrcedds-rmw_publisher.c.obj)
                0x00000000100085d8                rmw_publisher_get_actual_qos
 .text.rmw_destroy_publisher
                0x00000000100085dc       0xf4 /home/saran/micro_ros_ws/src/micro_ros_raspberrypi_pico_sdk/libmicroros/libmicroros.a(librmw_microxrcedds-rmw_publisher.c.obj)
                0x00000000100085dc                rmw_destroy_publisher
 .text.rmw_uxrce_transport_init
                0x00000000100086d0       0x2c /home/saran/micro_ros_ws/src/micro_ros_raspberrypi_pico_sdk/libmicroros/libmicroros.a(librmw_microxrcedds-rmw_uxrce_transports.c.obj)
                0x00000000100086d0                rmw_uxrce_transport_init
 .text.rmw_uxrce_init_service_memory
                0x00000000100086fc       0x48 /home/saran/micro_ros_ws/src/micro_ros_raspberrypi_pico_sdk/libmicroros/libmicroros.a(librmw_microxrcedds-types.c.obj)
                0x00000000100086fc                rmw_uxrce_init_service_memory
 .text.rmw_uxrce_init_client_memory
                0x0000000010008744       0x48 /home/saran/micro_ros_ws/src/micro_ros_raspberrypi_pico_sdk/libmicroros/libmicroros.a(librmw_microxrcedds-types.c.obj)
                0x0000000010008744                rmw_uxrce_init_client_memory
 .text.rmw_uxrce_init_publisher_memory
                0x000000001000878c       0x48 /home/saran/micro_ros_ws/src/micro_ros_raspberrypi_pico_sdk/libmicroros/libmicroros.a(librmw_microxrcedds-types.c.obj)
                0x000000001000878c                rmw_uxrce_init_publisher_memory
 .text.rmw_uxrce_init_subscription_memory
                0x00000000100087d4       0x48 /home/saran/micro_ros_ws/src/micro_ros_raspberrypi_pico_sdk/libmicroros/libmicroros.a(librmw_microxrcedds-types.c.obj)
                0x00000000100087d4                rmw_uxrce_init_subscription_memory
 .text.rmw_uxrce_init_node_memory
                0x000000001000881c       0x48 /home/saran/micro_ros_ws/src/micro_ros_raspberrypi_pico_sdk/libmicroros/libmicroros.a(librmw_microxrcedds-types.c.obj)
                0x000000001000881c                rmw_uxrce_init_node_memory
 .text.rmw_uxrce_init_session_memory
                0x0000000010008864       0x50 /home/saran/micro_ros_ws/src/micro_ros_raspberrypi_pico_sdk/libmicroros/libmicroros.a(librmw_microxrcedds-types.c.obj)
                0x0000000010008864                rmw_uxrce_init_session_memory
 .text.rmw_uxrce_init_topic_memory
                0x00000000100088b4       0x48 /home/saran/micro_ros_ws/src/micro_ros_raspberrypi_pico_sdk/libmicroros/libmicroros.a(librmw_microxrcedds-types.c.obj)
                0x00000000100088b4                rmw_uxrce_init_topic_memory
 .text.rmw_uxrce_init_static_input_buffer_memory
                0x00000000100088fc       0x50 /home/saran/micro_ros_ws/src/micro_ros_raspberrypi_pico_sdk/libmicroros/libmicroros.a(librmw_microxrcedds-types.c.obj)
                0x00000000100088fc                rmw_uxrce_init_static_input_buffer_memory
 .text.rmw_uxrce_init_init_options_impl_memory
                0x000000001000894c       0x48 /home/saran/micro_ros_ws/src/micro_ros_raspberrypi_pico_sdk/libmicroros/libmicroros.a(librmw_microxrcedds-types.c.obj)
                0x000000001000894c                rmw_uxrce_init_init_options_impl_memory
 .text.rmw_uxrce_init_wait_set_memory
                0x0000000010008994       0x48 /home/saran/micro_ros_ws/src/micro_ros_raspberrypi_pico_sdk/libmicroros/libmicroros.a(librmw_microxrcedds-types.c.obj)
                0x0000000010008994                rmw_uxrce_init_wait_set_memory
 .text.rmw_uxrce_init_guard_condition_memory
                0x00000000100089dc       0x48 /home/saran/micro_ros_ws/src/micro_ros_raspberrypi_pico_sdk/libmicroros/libmicroros.a(librmw_microxrcedds-types.c.obj)
                0x00000000100089dc                rmw_uxrce_init_guard_condition_memory
 .text.rmw_uxrce_fini_session_memory
                0x0000000010008a24       0x10 /home/saran/micro_ros_ws/src/micro_ros_raspberrypi_pico_sdk/libmicroros/libmicroros.a(librmw_microxrcedds-types.c.obj)
                0x0000000010008a24                rmw_uxrce_fini_session_memory
 .text.rmw_uxrce_fini_node_memory
                0x0000000010008a34       0x34 /home/saran/micro_ros_ws/src/micro_ros_raspberrypi_pico_sdk/libmicroros/libmicroros.a(librmw_microxrcedds-types.c.obj)
                0x0000000010008a34                rmw_uxrce_fini_node_memory
 .text.rmw_uxrce_fini_publisher_memory
                0x0000000010008a68       0x34 /home/saran/micro_ros_ws/src/micro_ros_raspberrypi_pico_sdk/libmicroros/libmicroros.a(librmw_microxrcedds-types.c.obj)
                0x0000000010008a68                rmw_uxrce_fini_publisher_memory
 .text.rmw_uxrce_fini_subscription_memory
                0x0000000010008a9c       0x34 /home/saran/micro_ros_ws/src/micro_ros_raspberrypi_pico_sdk/libmicroros/libmicroros.a(librmw_microxrcedds-types.c.obj)
                0x0000000010008a9c                rmw_uxrce_fini_subscription_memory
 .text.rmw_uxrce_fini_service_memory
                0x0000000010008ad0       0x34 /home/saran/micro_ros_ws/src/micro_ros_raspberrypi_pico_sdk/libmicroros/libmicroros.a(librmw_microxrcedds-types.c.obj)
                0x0000000010008ad0                rmw_uxrce_fini_service_memory
 .text.rmw_uxrce_fini_client_memory
                0x0000000010008b04       0x34 /home/saran/micro_ros_ws/src/micro_ros_raspberrypi_pico_sdk/libmicroros/libmicroros.a(librmw_microxrcedds-types.c.obj)
                0x0000000010008b04                rmw_uxrce_fini_client_memory
 .text.rmw_uxrce_fini_topic_memory
                0x0000000010008b38       0x18 /home/saran/micro_ros_ws/src/micro_ros_raspberrypi_pico_sdk/libmicroros/libmicroros.a(librmw_microxrcedds-types.c.obj)
                0x0000000010008b38                rmw_uxrce_fini_topic_memory
 .text.rmw_uxrce_get_static_input_buffer_for_entity
                0x0000000010008b50       0xbc /home/saran/micro_ros_ws/src/micro_ros_raspberrypi_pico_sdk/libmicroros/libmicroros.a(librmw_microxrcedds-types.c.obj)
                0x0000000010008b50                rmw_uxrce_get_static_input_buffer_for_entity
 .text.rmw_uxrce_find_static_input_buffer_by_owner
                0x0000000010008c0c       0x5c /home/saran/micro_ros_ws/src/micro_ros_raspberrypi_pico_sdk/libmicroros/libmicroros.a(librmw_microxrcedds-types.c.obj)
                0x0000000010008c0c                rmw_uxrce_find_static_input_buffer_by_owner
 .text.rmw_uxrce_clean_expired_static_input_buffer
                0x0000000010008c68       0xfc /home/saran/micro_ros_ws/src/micro_ros_raspberrypi_pico_sdk/libmicroros/libmicroros.a(librmw_microxrcedds-types.c.obj)
                0x0000000010008c68                rmw_uxrce_clean_expired_static_input_buffer
 .text.run_xrce_session
                0x0000000010008d64       0x40 /home/saran/micro_ros_ws/src/micro_ros_raspberrypi_pico_sdk/libmicroros/libmicroros.a(librmw_microxrcedds-utils.c.obj)
                0x0000000010008d64                run_xrce_session
 .text.convert_qos_profile
                0x0000000010008da4       0x2c /home/saran/micro_ros_ws/src/micro_ros_raspberrypi_pico_sdk/libmicroros/libmicroros.a(librmw_microxrcedds-utils.c.obj)
                0x0000000010008da4                convert_qos_profile
 .text.generate_type_name
                0x0000000010008dd0       0x68 /home/saran/micro_ros_ws/src/micro_ros_raspberrypi_pico_sdk/libmicroros/libmicroros.a(librmw_microxrcedds-utils.c.obj)
                0x0000000010008dd0                generate_type_name
 .text.generate_topic_name
                0x0000000010008e38       0x38 /home/saran/micro_ros_ws/src/micro_ros_raspberrypi_pico_sdk/libmicroros/libmicroros.a(librmw_microxrcedds-utils.c.obj)
                0x0000000010008e38                generate_topic_name
 .text.is_uxrce_rmw_identifier_valid
                0x0000000010008e70       0x20 /home/saran/micro_ros_ws/src/micro_ros_raspberrypi_pico_sdk/libmicroros/libmicroros.a(librmw_microxrcedds-utils.c.obj)
                0x0000000010008e70                is_uxrce_rmw_identifier_valid
 .text.get_message_typesupport_handle
                0x0000000010008e90        0x8 /home/saran/micro_ros_ws/src/micro_ros_raspberrypi_pico_sdk/libmicroros/libmicroros.a(librosidl_runtime_c-message_type_support.c.obj)
                0x0000000010008e90                get_message_typesupport_handle
 .text.get_message_typesupport_handle_function
                0x0000000010008e98       0x18 /home/saran/micro_ros_ws/src/micro_ros_raspberrypi_pico_sdk/libmicroros/libmicroros.a(librosidl_runtime_c-message_type_support.c.obj)
                0x0000000010008e98                get_message_typesupport_handle_function
 .text.rosidl_typesupport_c__get_message_type_support_handle__std_msgs__msg__Int32
                0x0000000010008eb0       0x1c /home/saran/micro_ros_ws/src/micro_ros_raspberrypi_pico_sdk/libmicroros/libmicroros.a(libstd_msgs__rosidl_typesupport_c-int32__type_support.cpp.obj)
                0x0000000010008eb0                rosidl_typesupport_c__get_message_type_support_handle__std_msgs__msg__Int32
 .text.startup._GLOBAL__sub_I_rosidl_typesupport_c__get_message_type_support_handle__std_msgs__msg__Int32
                0x0000000010008ecc       0x14 /home/saran/micro_ros_ws/src/micro_ros_raspberrypi_pico_sdk/libmicroros/libmicroros.a(libstd_msgs__rosidl_typesupport_c-int32__type_support.cpp.obj)
 .text.std_msgs__msg__Int32__rosidl_typesupport_introspection_c__Int32_init_function
                0x0000000010008ee0        0x8 /home/saran/micro_ros_ws/src/micro_ros_raspberrypi_pico_sdk/libmicroros/libmicroros.a(libstd_msgs__rosidl_typesupport_introspection_c-int32__type_support.c.obj)
                0x0000000010008ee0                std_msgs__msg__Int32__rosidl_typesupport_introspection_c__Int32_init_function
 .text.std_msgs__msg__Int32__rosidl_typesupport_introspection_c__Int32_fini_function
                0x0000000010008ee8        0x8 /home/saran/micro_ros_ws/src/micro_ros_raspberrypi_pico_sdk/libmicroros/libmicroros.a(libstd_msgs__rosidl_typesupport_introspection_c-int32__type_support.c.obj)
                0x0000000010008ee8                std_msgs__msg__Int32__rosidl_typesupport_introspection_c__Int32_fini_function
 .text.rosidl_typesupport_introspection_c__get_message_type_support_handle__std_msgs__msg__Int32
                0x0000000010008ef0       0x1c /home/saran/micro_ros_ws/src/micro_ros_raspberrypi_pico_sdk/libmicroros/libmicroros.a(libstd_msgs__rosidl_typesupport_introspection_c-int32__type_support.c.obj)
                0x0000000010008ef0                rosidl_typesupport_introspection_c__get_message_type_support_handle__std_msgs__msg__Int32
 .text._Int32__max_serialized_size
                0x0000000010008f0c       0x10 /home/saran/micro_ros_ws/src/micro_ros_raspberrypi_pico_sdk/libmicroros/libmicroros.a(libstd_msgs__rosidl_typesupport_microxrcedds_c-int32__type_support_c.c.obj)
 .text._Int32__cdr_deserialize
                0x0000000010008f1c       0x10 /home/saran/micro_ros_ws/src/micro_ros_raspberrypi_pico_sdk/libmicroros/libmicroros.a(libstd_msgs__rosidl_typesupport_microxrcedds_c-int32__type_support_c.c.obj)
 .text.get_serialized_size_std_msgs__msg__Int32
                0x0000000010008f2c       0x18 /home/saran/micro_ros_ws/src/micro_ros_raspberrypi_pico_sdk/libmicroros/libmicroros.a(libstd_msgs__rosidl_typesupport_microxrcedds_c-int32__type_support_c.c.obj)
                0x0000000010008f2c                get_serialized_size_std_msgs__msg__Int32
 .text._Int32__cdr_serialize
                0x0000000010008f44       0x18 /home/saran/micro_ros_ws/src/micro_ros_raspberrypi_pico_sdk/libmicroros/libmicroros.a(libstd_msgs__rosidl_typesupport_microxrcedds_c-int32__type_support_c.c.obj)
 .text._Int32__get_serialized_size
                0x0000000010008f5c       0x18 /home/saran/micro_ros_ws/src/micro_ros_raspberrypi_pico_sdk/libmicroros/libmicroros.a(libstd_msgs__rosidl_typesupport_microxrcedds_c-int32__type_support_c.c.obj)
 .text.rosidl_typesupport_microxrcedds_c__get_message_type_support_handle__std_msgs__msg__Int32
                0x0000000010008f74        0x8 /home/saran/micro_ros_ws/src/micro_ros_raspberrypi_pico_sdk/libmicroros/libmicroros.a(libstd_msgs__rosidl_typesupport_microxrcedds_c-int32__type_support_c.c.obj)
                0x0000000010008f74                rosidl_typesupport_microxrcedds_c__get_message_type_support_handle__std_msgs__msg__Int32
 .text.ucdr_serialize_bool
                0x0000000010008f7c       0x2c /home/saran/micro_ros_ws/src/micro_ros_raspberrypi_pico_sdk/libmicroros/libmicroros.a(libmicrocdr-basic.c.obj)
                0x0000000010008f7c                ucdr_serialize_bool
 .text.ucdr_deserialize_bool
                0x0000000010008fa8       0x30 /home/saran/micro_ros_ws/src/micro_ros_raspberrypi_pico_sdk/libmicroros/libmicroros.a(libmicrocdr-basic.c.obj)
                0x0000000010008fa8                ucdr_deserialize_bool
 .text.ucdr_serialize_uint8_t
                0x0000000010008fd8       0x2c /home/saran/micro_ros_ws/src/micro_ros_raspberrypi_pico_sdk/libmicroros/libmicroros.a(libmicrocdr-basic.c.obj)
                0x0000000010008fd8                ucdr_serialize_uint8_t
 .text.ucdr_deserialize_uint8_t
                0x0000000010009004       0x30 /home/saran/micro_ros_ws/src/micro_ros_raspberrypi_pico_sdk/libmicroros/libmicroros.a(libmicrocdr-basic.c.obj)
                0x0000000010009004                ucdr_deserialize_uint8_t
 .text.ucdr_serialize_uint16_t
                0x0000000010009034       0xf4 /home/saran/micro_ros_ws/src/micro_ros_raspberrypi_pico_sdk/libmicroros/libmicroros.a(libmicrocdr-basic.c.obj)
                0x0000000010009034                ucdr_serialize_uint16_t
 .text.ucdr_serialize_endian_uint16_t
                0x0000000010009128      0x100 /home/saran/micro_ros_ws/src/micro_ros_raspberrypi_pico_sdk/libmicroros/libmicroros.a(libmicrocdr-basic.c.obj)
                0x0000000010009128                ucdr_serialize_endian_uint16_t
 .text.ucdr_deserialize_uint16_t
                0x0000000010009228       0xec /home/saran/micro_ros_ws/src/micro_ros_raspberrypi_pico_sdk/libmicroros/libmicroros.a(libmicrocdr-basic.c.obj)
                0x0000000010009228                ucdr_deserialize_uint16_t
 .text.ucdr_deserialize_endian_uint16_t
                0x0000000010009314       0xf8 /home/saran/micro_ros_ws/src/micro_ros_raspberrypi_pico_sdk/libmicroros/libmicroros.a(libmicrocdr-basic.c.obj)
                0x0000000010009314                ucdr_deserialize_endian_uint16_t
 .text.ucdr_serialize_uint32_t
                0x000000001000940c      0x11c /home/saran/micro_ros_ws/src/micro_ros_raspberrypi_pico_sdk/libmicroros/libmicroros.a(libmicrocdr-basic.c.obj)
                0x000000001000940c                ucdr_serialize_uint32_t
 .text.ucdr_serialize_endian_uint32_t
                0x0000000010009528      0x11c /home/saran/micro_ros_ws/src/micro_ros_raspberrypi_pico_sdk/libmicroros/libmicroros.a(libmicrocdr-basic.c.obj)
                0x0000000010009528                ucdr_serialize_endian_uint32_t
 .text.ucdr_deserialize_uint32_t
                0x0000000010009644      0x11c /home/saran/micro_ros_ws/src/micro_ros_raspberrypi_pico_sdk/libmicroros/libmicroros.a(libmicrocdr-basic.c.obj)
                0x0000000010009644                ucdr_deserialize_uint32_t
 .text.ucdr_deserialize_endian_uint32_t
                0x0000000010009760      0x12c /home/saran/micro_ros_ws/src/micro_ros_raspberrypi_pico_sdk/libmicroros/libmicroros.a(libmicrocdr-basic.c.obj)
                0x0000000010009760                ucdr_deserialize_endian_uint32_t
 .text.ucdr_serialize_uint64_t
                0x000000001000988c      0x170 /home/saran/micro_ros_ws/src/micro_ros_raspberrypi_pico_sdk/libmicroros/libmicroros.a(libmicrocdr-basic.c.obj)
                0x000000001000988c                ucdr_serialize_uint64_t
 .text.ucdr_serialize_int16_t
                0x00000000100099fc       0xf4 /home/saran/micro_ros_ws/src/micro_ros_raspberrypi_pico_sdk/libmicroros/libmicroros.a(libmicrocdr-basic.c.obj)
                0x00000000100099fc                ucdr_serialize_int16_t
 .text.ucdr_deserialize_int16_t
                0x0000000010009af0       0xec /home/saran/micro_ros_ws/src/micro_ros_raspberrypi_pico_sdk/libmicroros/libmicroros.a(libmicrocdr-basic.c.obj)
                0x0000000010009af0                ucdr_deserialize_int16_t
 .text.ucdr_serialize_int32_t
                0x0000000010009bdc      0x11c /home/saran/micro_ros_ws/src/micro_ros_raspberrypi_pico_sdk/libmicroros/libmicroros.a(libmicrocdr-basic.c.obj)
                0x0000000010009bdc                ucdr_serialize_int32_t
 .text.ucdr_deserialize_int32_t
                0x0000000010009cf8      0x11c /home/saran/micro_ros_ws/src/micro_ros_raspberrypi_pico_sdk/libmicroros/libmicroros.a(libmicrocdr-basic.c.obj)
                0x0000000010009cf8                ucdr_deserialize_int32_t
 .text.ucdr_check_buffer_available_for
                0x0000000010009e14       0x1c /home/saran/micro_ros_ws/src/micro_ros_raspberrypi_pico_sdk/libmicroros/libmicroros.a(libmicrocdr-common.c.obj)
                0x0000000010009e14                ucdr_check_buffer_available_for
 .text.ucdr_check_final_buffer_behavior
                0x0000000010009e30       0x38 /home/saran/micro_ros_ws/src/micro_ros_raspberrypi_pico_sdk/libmicroros/libmicroros.a(libmicrocdr-common.c.obj)
                0x0000000010009e30                ucdr_check_final_buffer_behavior
 .text.ucdr_set_on_full_buffer_callback
                0x0000000010009e68        0x8 /home/saran/micro_ros_ws/src/micro_ros_raspberrypi_pico_sdk/libmicroros/libmicroros.a(libmicrocdr-common.c.obj)
                0x0000000010009e68                ucdr_set_on_full_buffer_callback
 .text.ucdr_init_buffer_origin_offset_endian
                0x0000000010009e70       0x28 /home/saran/micro_ros_ws/src/micro_ros_raspberrypi_pico_sdk/libmicroros/libmicroros.a(libmicrocdr-common.c.obj)
                0x0000000010009e70                ucdr_init_buffer_origin_offset_endian
 .text.ucdr_init_buffer_origin_offset
                0x0000000010009e98       0x14 /home/saran/micro_ros_ws/src/micro_ros_raspberrypi_pico_sdk/libmicroros/libmicroros.a(libmicrocdr-common.c.obj)
                0x0000000010009e98                ucdr_init_buffer_origin_offset
 .text.ucdr_init_buffer_origin
                0x0000000010009eac       0x10 /home/saran/micro_ros_ws/src/micro_ros_raspberrypi_pico_sdk/libmicroros/libmicroros.a(libmicrocdr-common.c.obj)
                0x0000000010009eac                ucdr_init_buffer_origin
 .text.ucdr_init_buffer
                0x0000000010009ebc        0xc /home/saran/micro_ros_ws/src/micro_ros_raspberrypi_pico_sdk/libmicroros/libmicroros.a(libmicrocdr-common.c.obj)
                0x0000000010009ebc                ucdr_init_buffer
 .text.ucdr_alignment
                0x0000000010009ec8       0x10 /home/saran/micro_ros_ws/src/micro_ros_raspberrypi_pico_sdk/libmicroros/libmicroros.a(libmicrocdr-common.c.obj)
                0x0000000010009ec8                ucdr_alignment
 .text.ucdr_buffer_alignment
                0x0000000010009ed8       0x1c /home/saran/micro_ros_ws/src/micro_ros_raspberrypi_pico_sdk/libmicroros/libmicroros.a(libmicrocdr-common.c.obj)
                0x0000000010009ed8                ucdr_buffer_alignment
 .text.ucdr_align_to
                0x0000000010009ef4       0x24 /home/saran/micro_ros_ws/src/micro_ros_raspberrypi_pico_sdk/libmicroros/libmicroros.a(libmicrocdr-common.c.obj)
                0x0000000010009ef4                ucdr_align_to
 .text.ucdr_buffer_length
                0x0000000010009f18        0x8 /home/saran/micro_ros_ws/src/micro_ros_raspberrypi_pico_sdk/libmicroros/libmicroros.a(libmicrocdr-common.c.obj)
                0x0000000010009f18                ucdr_buffer_length
 .text.ucdr_buffer_remaining
                0x0000000010009f20        0x8 /home/saran/micro_ros_ws/src/micro_ros_raspberrypi_pico_sdk/libmicroros/libmicroros.a(libmicrocdr-common.c.obj)
                0x0000000010009f20                ucdr_buffer_remaining
 .text.ucdr_check_final_buffer_behavior_array
                0x0000000010009f28       0x44 /home/saran/micro_ros_ws/src/micro_ros_raspberrypi_pico_sdk/libmicroros/libmicroros.a(libmicrocdr-common.c.obj)
                0x0000000010009f28                ucdr_check_final_buffer_behavior_array
 .text.ucdr_advance_buffer
                0x0000000010009f6c       0x44 /home/saran/micro_ros_ws/src/micro_ros_raspberrypi_pico_sdk/libmicroros/libmicroros.a(libmicrocdr-common.c.obj)
                0x0000000010009f6c                ucdr_advance_buffer
 .text.uxr_buffer_delete_entity
                0x0000000010009fb0       0x40 /home/saran/micro_ros_ws/src/micro_ros_raspberrypi_pico_sdk/libmicroros/libmicroros.a(libmicroxrcedds_client-common_create_entities.c.obj)
                0x0000000010009fb0                uxr_buffer_delete_entity
 .text.uxr_common_create_entity
                0x0000000010009ff0       0x54 /home/saran/micro_ros_ws/src/micro_ros_raspberrypi_pico_sdk/libmicroros/libmicroros.a(libmicroxrcedds_client-common_create_entities.c.obj)
                0x0000000010009ff0                uxr_common_create_entity
 .text.uxr_buffer_create_participant_bin
                0x000000001000a044       0x68 /home/saran/micro_ros_ws/src/micro_ros_raspberrypi_pico_sdk/libmicroros/libmicroros.a(libmicroxrcedds_client-create_entities_bin.c.obj)
                0x000000001000a044                uxr_buffer_create_participant_bin
 .text.uxr_buffer_create_topic_bin
                0x000000001000a0ac       0x70 /home/saran/micro_ros_ws/src/micro_ros_raspberrypi_pico_sdk/libmicroros/libmicroros.a(libmicroxrcedds_client-create_entities_bin.c.obj)
                0x000000001000a0ac                uxr_buffer_create_topic_bin
 .text.uxr_buffer_create_publisher_bin
                0x000000001000a11c       0x70 /home/saran/micro_ros_ws/src/micro_ros_raspberrypi_pico_sdk/libmicroros/libmicroros.a(libmicroxrcedds_client-create_entities_bin.c.obj)
                0x000000001000a11c                uxr_buffer_create_publisher_bin
 .text.uxr_buffer_create_datawriter_bin
                0x000000001000a18c      0x100 /home/saran/micro_ros_ws/src/micro_ros_raspberrypi_pico_sdk/libmicroros/libmicroros.a(libmicroxrcedds_client-create_entities_bin.c.obj)
                0x000000001000a18c                uxr_buffer_create_datawriter_bin
 .text.get_custom_error
                0x000000001000a28c        0xc /home/saran/micro_ros_ws/src/micro_ros_raspberrypi_pico_sdk/libmicroros/libmicroros.a(libmicroxrcedds_client-custom_transport.c.obj)
 .text.recv_custom_msg
                0x000000001000a298       0xb4 /home/saran/micro_ros_ws/src/micro_ros_raspberrypi_pico_sdk/libmicroros/libmicroros.a(libmicroxrcedds_client-custom_transport.c.obj)
 .text.send_custom_msg
                0x000000001000a34c       0x64 /home/saran/micro_ros_ws/src/micro_ros_raspberrypi_pico_sdk/libmicroros/libmicroros.a(libmicroxrcedds_client-custom_transport.c.obj)
 .text.uxr_set_custom_transport_callbacks
                0x000000001000a3b0       0x24 /home/saran/micro_ros_ws/src/micro_ros_raspberrypi_pico_sdk/libmicroros/libmicroros.a(libmicroxrcedds_client-custom_transport.c.obj)
                0x000000001000a3b0                uxr_set_custom_transport_callbacks
 .text.uxr_init_custom_transport
                0x000000001000a3d4       0x88 /home/saran/micro_ros_ws/src/micro_ros_raspberrypi_pico_sdk/libmicroros/libmicroros.a(libmicroxrcedds_client-custom_transport.c.obj)
                0x000000001000a3d4                uxr_init_custom_transport
 .text.uxr_close_custom_transport
                0x000000001000a45c        0xc /home/saran/micro_ros_ws/src/micro_ros_raspberrypi_pico_sdk/libmicroros/libmicroros.a(libmicroxrcedds_client-custom_transport.c.obj)
                0x000000001000a45c                uxr_close_custom_transport
 .text.uxr_object_id
                0x000000001000a468       0x10 /home/saran/micro_ros_ws/src/micro_ros_raspberrypi_pico_sdk/libmicroros/libmicroros.a(libmicroxrcedds_client-object_id.c.obj)
                0x000000001000a468                uxr_object_id
 .text.uxr_object_id_from_raw
                0x000000001000a478       0x20 /home/saran/micro_ros_ws/src/micro_ros_raspberrypi_pico_sdk/libmicroros/libmicroros.a(libmicroxrcedds_client-object_id.c.obj)
                0x000000001000a478                uxr_object_id_from_raw
 .text.uxr_object_id_to_raw
                0x000000001000a498       0x18 /home/saran/micro_ros_ws/src/micro_ros_raspberrypi_pico_sdk/libmicroros/libmicroros.a(libmicroxrcedds_client-object_id.c.obj)
                0x000000001000a498                uxr_object_id_to_raw
 .text.uxr_ping_agent_session
                0x000000001000a4b0       0x9c /home/saran/micro_ros_ws/src/micro_ros_raspberrypi_pico_sdk/libmicroros/libmicroros.a(libmicroxrcedds_client-ping.c.obj)
                0x000000001000a4b0                uxr_ping_agent_session
 .text.uxr_ping_agent_attempts
                0x000000001000a54c      0x198 /home/saran/micro_ros_ws/src/micro_ros_raspberrypi_pico_sdk/libmicroros/libmicroros.a(libmicroxrcedds_client-ping.c.obj)
                0x000000001000a54c                uxr_ping_agent_attempts
 .text.on_get_fragmentation_info
                0x000000001000a6e4       0x38 /home/saran/micro_ros_ws/src/micro_ros_raspberrypi_pico_sdk/libmicroros/libmicroros.a(libmicroxrcedds_client-session.c.obj)
 .text.read_submessage_get_info
                0x000000001000a71c       0x74 /home/saran/micro_ros_ws/src/micro_ros_raspberrypi_pico_sdk/libmicroros/libmicroros.a(libmicroxrcedds_client-session.c.obj)
 .text.write_submessage_acknack.isra.0
                0x000000001000a790       0x6c /home/saran/micro_ros_ws/src/micro_ros_raspberrypi_pico_sdk/libmicroros/libmicroros.a(libmicroxrcedds_client-session.c.obj)
 .text.uxr_init_session
                0x000000001000a7fc       0x48 /home/saran/micro_ros_ws/src/micro_ros_raspberrypi_pico_sdk/libmicroros/libmicroros.a(libmicroxrcedds_client-session.c.obj)
                0x000000001000a7fc                uxr_init_session
 .text.uxr_set_status_callback
                0x000000001000a844        0xc /home/saran/micro_ros_ws/src/micro_ros_raspberrypi_pico_sdk/libmicroros/libmicroros.a(libmicroxrcedds_client-session.c.obj)
                0x000000001000a844                uxr_set_status_callback
 .text.uxr_set_topic_callback
                0x000000001000a850        0xc /home/saran/micro_ros_ws/src/micro_ros_raspberrypi_pico_sdk/libmicroros/libmicroros.a(libmicroxrcedds_client-session.c.obj)
                0x000000001000a850                uxr_set_topic_callback
 .text.uxr_set_request_callback
                0x000000001000a85c        0xc /home/saran/micro_ros_ws/src/micro_ros_raspberrypi_pico_sdk/libmicroros/libmicroros.a(libmicroxrcedds_client-session.c.obj)
                0x000000001000a85c                uxr_set_request_callback
 .text.uxr_set_reply_callback
                0x000000001000a868        0xc /home/saran/micro_ros_ws/src/micro_ros_raspberrypi_pico_sdk/libmicroros/libmicroros.a(libmicroxrcedds_client-session.c.obj)
                0x000000001000a868                uxr_set_reply_callback
 .text.uxr_create_output_best_effort_stream
                0x000000001000a874       0x3c /home/saran/micro_ros_ws/src/micro_ros_raspberrypi_pico_sdk/libmicroros/libmicroros.a(libmicroxrcedds_client-session.c.obj)
                0x000000001000a874                uxr_create_output_best_effort_stream
 .text.uxr_create_output_reliable_stream
                0x000000001000a8b0       0x40 /home/saran/micro_ros_ws/src/micro_ros_raspberrypi_pico_sdk/libmicroros/libmicroros.a(libmicroxrcedds_client-session.c.obj)